Archive member included because of file (symbol)

c:/program files/gnu tools arm embedded/4.9 2015q3/bin/../lib/gcc/arm-none-eabi/4.9.3/../../../../arm-none-eabi/lib/armv7e-m/fpu\libc_nano.a(lib_a-exit.o)
                              c:/program files/gnu tools arm embedded/4.9 2015q3/bin/../lib/gcc/arm-none-eabi/4.9.3/../../../../arm-none-eabi/lib/armv7e-m/fpu/crt0.o (exit)
c:/program files/gnu tools arm embedded/4.9 2015q3/bin/../lib/gcc/arm-none-eabi/4.9.3/../../../../arm-none-eabi/lib/armv7e-m/fpu\libc_nano.a(lib_a-impure.o)
                              c:/program files/gnu tools arm embedded/4.9 2015q3/bin/../lib/gcc/arm-none-eabi/4.9.3/../../../../arm-none-eabi/lib/armv7e-m/fpu\libc_nano.a(lib_a-exit.o) (_global_impure_ptr)
c:/program files/gnu tools arm embedded/4.9 2015q3/bin/../lib/gcc/arm-none-eabi/4.9.3/../../../../arm-none-eabi/lib/armv7e-m/fpu\libc_nano.a(lib_a-init.o)
                              c:/program files/gnu tools arm embedded/4.9 2015q3/bin/../lib/gcc/arm-none-eabi/4.9.3/../../../../arm-none-eabi/lib/armv7e-m/fpu/crt0.o (__libc_init_array)
c:/program files/gnu tools arm embedded/4.9 2015q3/bin/../lib/gcc/arm-none-eabi/4.9.3/../../../../arm-none-eabi/lib/armv7e-m/fpu\libc_nano.a(lib_a-memset.o)
                              c:/program files/gnu tools arm embedded/4.9 2015q3/bin/../lib/gcc/arm-none-eabi/4.9.3/../../../../arm-none-eabi/lib/armv7e-m/fpu/crt0.o (memset)
c:/program files/gnu tools arm embedded/4.9 2015q3/bin/../lib/gcc/arm-none-eabi/4.9.3/../../../../arm-none-eabi/lib/armv7e-m/fpu\libnosys.a(_exit.o)
                              c:/program files/gnu tools arm embedded/4.9 2015q3/bin/../lib/gcc/arm-none-eabi/4.9.3/../../../../arm-none-eabi/lib/armv7e-m/fpu\libc_nano.a(lib_a-exit.o) (_exit)
c:/program files/gnu tools arm embedded/4.9 2015q3/bin/../lib/gcc/arm-none-eabi/4.9.3/../../../../arm-none-eabi/lib/armv7e-m/fpu\libc_nano.a(lib_a-memcpy.o)
                              _build/nrf52832_xxaa_app_scheduler.c.o (memcpy)
c:/program files/gnu tools arm embedded/4.9 2015q3/bin/../lib/gcc/arm-none-eabi/4.9.3/../../../../arm-none-eabi/lib/armv7e-m/fpu\libc_nano.a(lib_a-printf.o)
                              _build/nrf52832_xxaa_main.c.o (printf)
c:/program files/gnu tools arm embedded/4.9 2015q3/bin/../lib/gcc/arm-none-eabi/4.9.3/../../../../arm-none-eabi/lib/armv7e-m/fpu\libc_nano.a(lib_a-strcpy.o)
                              _build/nrf52832_xxaa_SEGGER_RTT.c.o (strcpy)
c:/program files/gnu tools arm embedded/4.9 2015q3/bin/../lib/gcc/arm-none-eabi/4.9.3/../../../../arm-none-eabi/lib/armv7e-m/fpu\libc_nano.a(lib_a-strlen.o)
                              _build/nrf52832_xxaa_SEGGER_RTT.c.o (strlen)
c:/program files/gnu tools arm embedded/4.9 2015q3/bin/../lib/gcc/arm-none-eabi/4.9.3/../../../../arm-none-eabi/lib/armv7e-m/fpu\libc_nano.a(lib_a-findfp.o)
                              c:/program files/gnu tools arm embedded/4.9 2015q3/bin/../lib/gcc/arm-none-eabi/4.9.3/../../../../arm-none-eabi/lib/armv7e-m/fpu\libc_nano.a(lib_a-printf.o) (__sinit)
c:/program files/gnu tools arm embedded/4.9 2015q3/bin/../lib/gcc/arm-none-eabi/4.9.3/../../../../arm-none-eabi/lib/armv7e-m/fpu\libc_nano.a(lib_a-fwalk.o)
                              c:/program files/gnu tools arm embedded/4.9 2015q3/bin/../lib/gcc/arm-none-eabi/4.9.3/../../../../arm-none-eabi/lib/armv7e-m/fpu\libc_nano.a(lib_a-findfp.o) (_fwalk)
c:/program files/gnu tools arm embedded/4.9 2015q3/bin/../lib/gcc/arm-none-eabi/4.9.3/../../../../arm-none-eabi/lib/armv7e-m/fpu\libc_nano.a(lib_a-nano-mallocr.o)
                              c:/program files/gnu tools arm embedded/4.9 2015q3/bin/../lib/gcc/arm-none-eabi/4.9.3/../../../../arm-none-eabi/lib/armv7e-m/fpu\libc_nano.a(lib_a-findfp.o) (_malloc_r)
c:/program files/gnu tools arm embedded/4.9 2015q3/bin/../lib/gcc/arm-none-eabi/4.9.3/../../../../arm-none-eabi/lib/armv7e-m/fpu\libc_nano.a(lib_a-nano-vfprintf.o)
                              c:/program files/gnu tools arm embedded/4.9 2015q3/bin/../lib/gcc/arm-none-eabi/4.9.3/../../../../arm-none-eabi/lib/armv7e-m/fpu\libc_nano.a(lib_a-printf.o) (_vfprintf_r)
c:/program files/gnu tools arm embedded/4.9 2015q3/bin/../lib/gcc/arm-none-eabi/4.9.3/../../../../arm-none-eabi/lib/armv7e-m/fpu\libc_nano.a(lib_a-nano-vfprintf_i.o)
                              c:/program files/gnu tools arm embedded/4.9 2015q3/bin/../lib/gcc/arm-none-eabi/4.9.3/../../../../arm-none-eabi/lib/armv7e-m/fpu\libc_nano.a(lib_a-nano-vfprintf.o) (_printf_i)
c:/program files/gnu tools arm embedded/4.9 2015q3/bin/../lib/gcc/arm-none-eabi/4.9.3/../../../../arm-none-eabi/lib/armv7e-m/fpu\libc_nano.a(lib_a-sbrkr.o)
                              c:/program files/gnu tools arm embedded/4.9 2015q3/bin/../lib/gcc/arm-none-eabi/4.9.3/../../../../arm-none-eabi/lib/armv7e-m/fpu\libc_nano.a(lib_a-nano-mallocr.o) (_sbrk_r)
[...]
Memory Configuration

Name             Origin             Length             Attributes
FLASH            0x00000000         0x00080000         xr
RAM              0x20000628         0x0000f9d8         xrw
*default*        0x00000000         0xffffffff

Linker script and memory map


.text           0x00000000     0xac5c
 *(.isr_vector)
 .isr_vector    0x00000000      0x400 _build/nrf52832_xxaa_gcc_startup_nrf52.S.o
                0x00000000                __isr_vector
 *(.text*)
 .text          0x00000400       0x5c c:/program files/gnu tools arm embedded/4.9 2015q3/bin/../lib/gcc/arm-none-eabi/4.9.3/armv7e-m/fpu/crtbegin.o
 .text          0x0000045c       0x74 c:/program files/gnu tools arm embedded/4.9 2015q3/bin/../lib/gcc/arm-none-eabi/4.9.3/../../../../arm-none-eabi/lib/armv7e-m/fpu/crt0.o
                0x0000045c                _start
                0x0000045c                _mainCRTStartup
 .text.exit     0x000004d0       0x28 c:/program files/gnu tools arm embedded/4.9 2015q3/bin/../lib/gcc/arm-none-eabi/4.9.3/../../../../arm-none-eabi/lib/armv7e-m/fpu\libc_nano.a(lib_a-exit.o)
                0x000004d0                exit
 .text.__libc_init_array
                0x000004f8       0x4c c:/program files/gnu tools arm embedded/4.9 2015q3/bin/../lib/gcc/arm-none-eabi/4.9.3/../../../../arm-none-eabi/lib/armv7e-m/fpu\libc_nano.a(lib_a-init.o)
                0x000004f8                __libc_init_array
 .text.memset   0x00000544       0x10 c:/program files/gnu tools arm embedded/4.9 2015q3/bin/../lib/gcc/arm-none-eabi/4.9.3/../../../../arm-none-eabi/lib/armv7e-m/fpu\libc_nano.a(lib_a-memset.o)
                0x00000544                memset
 .text._exit    0x00000554        0x4 c:/program files/gnu tools arm embedded/4.9 2015q3/bin/../lib/gcc/arm-none-eabi/4.9.3/../../../../arm-none-eabi/lib/armv7e-m/fpu\libnosys.a(_exit.o)
                0x00000554                _exit
 .text.detection_delay_timeout_handler
                0x00000558       0xa4 _build/nrf52832_xxaa_app_button.c.o
 .text.gpiote_event_handler
                0x000005fc       0x5c _build/nrf52832_xxaa_app_button.c.o
 .text.app_button_init
                0x00000658       0xb0 _build/nrf52832_xxaa_app_button.c.o
                0x00000658                app_button_init
 .text.app_button_enable
                0x00000708       0x2c _build/nrf52832_xxaa_app_button.c.o
                0x00000708                app_button_enable
 .text.app_error_handler_bare
                0x00000734       0x20 _build/nrf52832_xxaa_app_error.c.o
                0x00000734                app_error_handler_bare
 .text.app_error_fault_handler
                0x00000754       0x24 _build/nrf52832_xxaa_app_error_weak.c.o
                0x00000754                app_error_fault_handler
 .text.app_fifo_init
                0x00000778       0x20 _build/nrf52832_xxaa_app_fifo.c.o
                0x00000778                app_fifo_init
 .text.app_fifo_put
                0x00000798       0x30 _build/nrf52832_xxaa_app_fifo.c.o
                0x00000798                app_fifo_put
 .text.app_fifo_get
                0x000007c8       0x2c _build/nrf52832_xxaa_app_fifo.c.o
                0x000007c8                app_fifo_get
 .text.RTC1_IRQHandler
                0x000007f4       0xc4 _build/nrf52832_xxaa_app_timer.c.o
                0x000007f4                RTC1_IRQHandler
 .text.SWI0_EGU0_IRQHandler
                0x000008b8      0x5c4 _build/nrf52832_xxaa_app_timer.c.o
                0x000008b8                SWI0_EGU0_IRQHandler
 .text.app_timer_init
                0x00000e7c      0x1c8 _build/nrf52832_xxaa_app_timer.c.o
                0x00000e7c                app_timer_init
 .text.app_timer_create
                0x00001044       0x24 _build/nrf52832_xxaa_app_timer.c.o
                0x00001044                app_timer_create
 .text.app_timer_start
                0x00001068       0xa4 _build/nrf52832_xxaa_app_timer.c.o
                0x00001068                app_timer_start
 .text.app_timer_stop
                0x0000110c       0x6c _build/nrf52832_xxaa_app_timer.c.o
                0x0000110c                app_timer_stop
 .text.uart_event_handler
                0x00001178       0xc8 _build/nrf52832_xxaa_app_uart_fifo.c.o
 .text.app_uart_init
                0x00001240       0xec _build/nrf52832_xxaa_app_uart_fifo.c.o
                0x00001240                app_uart_init
 .text.app_uart_get
                0x0000132c       0x40 _build/nrf52832_xxaa_app_uart_fifo.c.o
                0x0000132c                app_uart_get
 .text.app_uart_put
                0x0000136c       0x44 _build/nrf52832_xxaa_app_uart_fifo.c.o
                0x0000136c                app_uart_put
 .text.app_util_critical_region_enter
                0x000013b0       0x10 _build/nrf52832_xxaa_app_util_platform.c.o
                0x000013b0                app_util_critical_region_enter
 .text.app_util_critical_region_exit
                0x000013c0       0x14 _build/nrf52832_xxaa_app_util_platform.c.o
                0x000013c0                app_util_critical_region_exit
 .text.nrf_queue_push
                0x000013d4       0xd4 _build/nrf52832_xxaa_nrf_queue.c.o
                0x000013d4                nrf_queue_push
 .text.nrf_queue_generic_pop
                0x000014a8       0xb0 _build/nrf52832_xxaa_nrf_queue.c.o
                0x000014a8                nrf_queue_generic_pop
 .text.nrf_queue_reset
                0x00001558       0x20 _build/nrf52832_xxaa_nrf_queue.c.o
                0x00001558                nrf_queue_reset
 .text._write   0x00001578       0x1c _build/nrf52832_xxaa_retarget.c.o
                0x00001578                _write
 .text._read    0x00001594       0x14 _build/nrf52832_xxaa_retarget.c.o
                0x00001594                _read
 .text.bsp_board_led_state_get
                0x000015a8       0x1c _build/nrf52832_xxaa_boards.c.o
                0x000015a8                bsp_board_led_state_get
 .text.bsp_board_led_on
                0x000015c4       0x18 _build/nrf52832_xxaa_boards.c.o
                0x000015c4                bsp_board_led_on
 .text.bsp_board_led_off
                0x000015dc       0x18 _build/nrf52832_xxaa_boards.c.o
                0x000015dc                bsp_board_led_off
 .text.bsp_board_leds_off
                0x000015f4       0x2c _build/nrf52832_xxaa_boards.c.o
                0x000015f4                bsp_board_leds_off
 .text.bsp_board_leds_on
                0x00001620       0x2c _build/nrf52832_xxaa_boards.c.o
                0x00001620                bsp_board_leds_on
 .text.bsp_board_led_invert
                0x0000164c       0x24 _build/nrf52832_xxaa_boards.c.o
                0x0000164c                bsp_board_led_invert
 .text.bsp_board_leds_init
                0x00001670       0x3c _build/nrf52832_xxaa_boards.c.o
                0x00001670                bsp_board_leds_init
 .text.bsp_board_button_state_get
                0x000016ac       0x1c _build/nrf52832_xxaa_boards.c.o
                0x000016ac                bsp_board_button_state_get
 .text.bsp_board_pin_to_button_idx
                0x000016c8       0x24 _build/nrf52832_xxaa_boards.c.o
                0x000016c8                bsp_board_pin_to_button_idx
 .text.bsp_board_button_idx_to_pin
                0x000016ec        0xc _build/nrf52832_xxaa_boards.c.o
                0x000016ec                bsp_board_button_idx_to_pin
 .text.app_ble_gap_sec_context_create
                0x000016f8       0x30 _build/nrf52832_xxaa_app_ble_gap_sec_keys.c.o
                0x000016f8                app_ble_gap_sec_context_create
 .text.app_ble_gap_sec_context_destroy
                0x00001728       0x2c _build/nrf52832_xxaa_app_ble_gap_sec_keys.c.o
                0x00001728                app_ble_gap_sec_context_destroy
 .text.app_ble_gap_sec_context_find
                0x00001754       0x34 _build/nrf52832_xxaa_app_ble_gap_sec_keys.c.o
                0x00001754                app_ble_gap_sec_context_find
 .text.app_ble_user_mem_context_destroy
                0x00001788       0x6c _build/nrf52832_xxaa_app_ble_user_mem.c.o
                0x00001788                app_ble_user_mem_context_destroy
 .text.app_ble_user_mem_context_find
                0x000017f4       0xb8 _build/nrf52832_xxaa_app_ble_user_mem.c.o
                0x000017f4                app_ble_user_mem_context_find
 .text.uuid_vs_add_rsp_dec
                0x000018ac       0x20 _build/nrf52832_xxaa_app_mw_ble.c.o
 .text.uuid_decode_rsp_dec
                0x000018cc       0x20 _build/nrf52832_xxaa_app_mw_ble.c.o
 .text.enable_rsp_dec
                0x000018ec       0x18 _build/nrf52832_xxaa_app_mw_ble.c.o
 .text.sd_ble_uuid_vs_add
                0x00001904       0x58 _build/nrf52832_xxaa_app_mw_ble.c.o
                0x00001904                sd_ble_uuid_vs_add
 .text.sd_ble_uuid_decode
                0x0000195c       0x60 _build/nrf52832_xxaa_app_mw_ble.c.o
                0x0000195c                sd_ble_uuid_decode
 .text.sd_ble_enable
                0x000019bc       0x54 _build/nrf52832_xxaa_app_mw_ble.c.o
                0x000019bc                sd_ble_enable
 .text.gap_conn_param_update_rsp_dec
                0x00001a10       0x18 _build/nrf52832_xxaa_app_mw_ble_gap.c.o
 .text.gap_disconnect_rsp_dec
                0x00001a28       0x18 _build/nrf52832_xxaa_app_mw_ble_gap.c.o
 .text.gap_sec_params_reply_rsp_dec
                0x00001a40       0x3c _build/nrf52832_xxaa_app_mw_ble_gap.c.o
 .text.gap_connect_rsp_dec
                0x00001a7c       0x20 _build/nrf52832_xxaa_app_mw_ble_gap.c.o
 .text.gap_scan_start_rsp_dec
                0x00001a9c       0x20 _build/nrf52832_xxaa_app_mw_ble_gap.c.o
 .text.sd_ble_gap_conn_param_update
                0x00001abc       0x54 _build/nrf52832_xxaa_app_mw_ble_gap.c.o
                0x00001abc                sd_ble_gap_conn_param_update
 .text.sd_ble_gap_disconnect
                0x00001b10       0x54 _build/nrf52832_xxaa_app_mw_ble_gap.c.o
                0x00001b10                sd_ble_gap_disconnect
 .text.sd_ble_gap_sec_params_reply
                0x00001b64       0xa0 _build/nrf52832_xxaa_app_mw_ble_gap.c.o
                0x00001b64                sd_ble_gap_sec_params_reply
 .text.sd_ble_gap_connect
                0x00001c04       0x5c _build/nrf52832_xxaa_app_mw_ble_gap.c.o
                0x00001c04                sd_ble_gap_connect
 .text.sd_ble_gap_scan_start
                0x00001c60       0x50 _build/nrf52832_xxaa_app_mw_ble_gap.c.o
                0x00001c60                sd_ble_gap_scan_start
 .text.gattc_primary_services_discover_rsp_dec
                0x00001cb0       0x18 _build/nrf52832_xxaa_app_mw_ble_gattc.c.o
 .text.gattc_characteristics_discover_rsp_dec
                0x00001cc8       0x18 _build/nrf52832_xxaa_app_mw_ble_gattc.c.o
 .text.gattc_descriptors_discover_rsp_dec
                0x00001ce0       0x18 _build/nrf52832_xxaa_app_mw_ble_gattc.c.o
 .text.gattc_write_rsp_dec
                0x00001cf8       0x18 _build/nrf52832_xxaa_app_mw_ble_gattc.c.o
 .text.sd_ble_gattc_primary_services_discover
                0x00001d10       0x5c _build/nrf52832_xxaa_app_mw_ble_gattc.c.o
                0x00001d10                sd_ble_gattc_primary_services_discover
 .text.sd_ble_gattc_characteristics_discover
                0x00001d6c       0x54 _build/nrf52832_xxaa_app_mw_ble_gattc.c.o
                0x00001d6c                sd_ble_gattc_characteristics_discover
 .text.sd_ble_gattc_descriptors_discover
                0x00001dc0       0x54 _build/nrf52832_xxaa_app_mw_ble_gattc.c.o
                0x00001dc0                sd_ble_gattc_descriptors_discover
 .text.sd_ble_gattc_write
                0x00001e14       0x54 _build/nrf52832_xxaa_app_mw_ble_gattc.c.o
                0x00001e14                sd_ble_gattc_write
 .text.gatts_exchange_mtu_reply_rsp_dec
                0x00001e68       0x18 _build/nrf52832_xxaa_app_mw_ble_gatts.c.o
 .text.sd_ble_gatts_exchange_mtu_reply
                0x00001e80       0x54 _build/nrf52832_xxaa_app_mw_ble_gatts.c.o
                0x00001e80                sd_ble_gatts_exchange_mtu_reply
 .text.sd_power_system_off
                0x00001ed4       0x4c _build/nrf52832_xxaa_app_mw_nrf_soc.c.o
                0x00001ed4                sd_power_system_off
 .text.ble_enable_req_enc
                0x00001f20       0x50 _build/nrf52832_xxaa_ble_app.c.o
                0x00001f20                ble_enable_req_enc
 .text.ble_enable_rsp_dec
                0x00001f70        0x8 _build/nrf52832_xxaa_ble_app.c.o
                0x00001f70                ble_enable_rsp_dec
 .text.ble_uuid_decode_req_enc
                0x00001f78       0x64 _build/nrf52832_xxaa_ble_app.c.o
                0x00001f78                ble_uuid_decode_req_enc
 .text.ble_uuid_decode_rsp_dec
                0x00001fdc       0x5c _build/nrf52832_xxaa_ble_app.c.o
                0x00001fdc                ble_uuid_decode_rsp_dec
 .text.ble_uuid_vs_add_req_enc
                0x00002038       0x6c _build/nrf52832_xxaa_ble_app.c.o
                0x00002038                ble_uuid_vs_add_req_enc
 .text.ble_uuid_vs_add_rsp_dec
                0x000020a4       0x60 _build/nrf52832_xxaa_ble_app.c.o
                0x000020a4                ble_uuid_vs_add_rsp_dec
 .text.ble_event_dec
                0x00002104       0x70 _build/nrf52832_xxaa_ble_event.c.o
                0x00002104                ble_event_dec
 .text.ble_evt_user_mem_release_dec
                0x00002174       0xbc _build/nrf52832_xxaa_ble_evt_app.c.o
                0x00002174                ble_evt_user_mem_release_dec
 .text.ble_evt_tx_complete_dec
                0x00002230       0x60 _build/nrf52832_xxaa_ble_evt_app.c.o
                0x00002230                ble_evt_tx_complete_dec
 .text.ble_evt_user_mem_request_dec
                0x00002290       0x60 _build/nrf52832_xxaa_ble_evt_app.c.o
                0x00002290                ble_evt_user_mem_request_dec
 .text.ble_evt_data_length_changed_dec
                0x000022f0       0x60 _build/nrf52832_xxaa_ble_evt_app.c.o
                0x000022f0                ble_evt_data_length_changed_dec
 .text.ble_gap_conn_param_update_req_enc
                0x00002350       0x64 _build/nrf52832_xxaa_ble_gap_app.c.o
                0x00002350                ble_gap_conn_param_update_req_enc
 .text.ble_gap_conn_param_update_rsp_dec
                0x000023b4        0x8 _build/nrf52832_xxaa_ble_gap_app.c.o
                0x000023b4                ble_gap_conn_param_update_rsp_dec
 .text.ble_gap_connect_req_enc
                0x000023bc       0x84 _build/nrf52832_xxaa_ble_gap_app.c.o
                0x000023bc                ble_gap_connect_req_enc
 .text.ble_gap_connect_rsp_dec
                0x00002440        0x8 _build/nrf52832_xxaa_ble_gap_app.c.o
                0x00002440                ble_gap_connect_rsp_dec
 .text.ble_gap_disconnect_req_enc
                0x00002448       0x5c _build/nrf52832_xxaa_ble_gap_app.c.o
                0x00002448                ble_gap_disconnect_req_enc
 .text.ble_gap_disconnect_rsp_dec
                0x000024a4        0x8 _build/nrf52832_xxaa_ble_gap_app.c.o
                0x000024a4                ble_gap_disconnect_rsp_dec
 .text.ble_gap_scan_start_req_enc
                0x000024ac       0x50 _build/nrf52832_xxaa_ble_gap_app.c.o
                0x000024ac                ble_gap_scan_start_req_enc
 .text.ble_gap_scan_start_rsp_dec
                0x000024fc        0x8 _build/nrf52832_xxaa_ble_gap_app.c.o
                0x000024fc                ble_gap_scan_start_rsp_dec
 .text.ble_gap_sec_params_reply_req_enc
                0x00002504       0x98 _build/nrf52832_xxaa_ble_gap_app.c.o
                0x00002504                ble_gap_sec_params_reply_req_enc
 .text.ble_gap_sec_params_reply_rsp_dec
                0x0000259c       0x58 _build/nrf52832_xxaa_ble_gap_app.c.o
                0x0000259c                ble_gap_sec_params_reply_rsp_dec
 .text.ble_gap_evt_adv_report_dec
                0x000025f4       0x60 _build/nrf52832_xxaa_ble_gap_evt_app.c.o
                0x000025f4                ble_gap_evt_adv_report_dec
 .text.ble_gap_evt_auth_key_request_dec
                0x00002654       0x60 _build/nrf52832_xxaa_ble_gap_evt_app.c.o
                0x00002654                ble_gap_evt_auth_key_request_dec
 .text.ble_gap_evt_auth_status_dec
                0x000026b4       0xa0 _build/nrf52832_xxaa_ble_gap_evt_app.c.o
                0x000026b4                ble_gap_evt_auth_status_dec
 .text.ble_gap_evt_conn_param_update_dec
                0x00002754       0x60 _build/nrf52832_xxaa_ble_gap_evt_app.c.o
                0x00002754                ble_gap_evt_conn_param_update_dec
 .text.ble_gap_evt_conn_param_update_request_dec
                0x000027b4       0x60 _build/nrf52832_xxaa_ble_gap_evt_app.c.o
                0x000027b4                ble_gap_evt_conn_param_update_request_dec
 .text.ble_gap_evt_conn_sec_update_dec
                0x00002814       0x60 _build/nrf52832_xxaa_ble_gap_evt_app.c.o
                0x00002814                ble_gap_evt_conn_sec_update_dec
 .text.ble_gap_evt_connected_dec
                0x00002874       0x60 _build/nrf52832_xxaa_ble_gap_evt_app.c.o
                0x00002874                ble_gap_evt_connected_dec
 .text.ble_gap_evt_disconnected_dec
                0x000028d4       0x60 _build/nrf52832_xxaa_ble_gap_evt_app.c.o
                0x000028d4                ble_gap_evt_disconnected_dec
 .text.ble_gap_evt_key_pressed_dec
                0x00002934       0x60 _build/nrf52832_xxaa_ble_gap_evt_app.c.o
                0x00002934                ble_gap_evt_key_pressed_dec
 .text.ble_gap_evt_lesc_dhkey_request_dec
                0x00002994       0xa8 _build/nrf52832_xxaa_ble_gap_evt_app.c.o
                0x00002994                ble_gap_evt_lesc_dhkey_request_dec
 .text.ble_gap_evt_passkey_display_dec
                0x00002a3c       0x84 _build/nrf52832_xxaa_ble_gap_evt_app.c.o
                0x00002a3c                ble_gap_evt_passkey_display_dec
 .text.ble_gap_evt_rssi_changed_dec
                0x00002ac0       0x60 _build/nrf52832_xxaa_ble_gap_evt_app.c.o
                0x00002ac0                ble_gap_evt_rssi_changed_dec
 .text.ble_gap_evt_scan_req_report_dec
                0x00002b20       0x78 _build/nrf52832_xxaa_ble_gap_evt_app.c.o
                0x00002b20                ble_gap_evt_scan_req_report_dec
 .text.ble_gap_evt_sec_info_request_dec
                0x00002b98       0x60 _build/nrf52832_xxaa_ble_gap_evt_app.c.o
                0x00002b98                ble_gap_evt_sec_info_request_dec
 .text.ble_gap_evt_sec_params_request_dec
                0x00002bf8       0x60 _build/nrf52832_xxaa_ble_gap_evt_app.c.o
                0x00002bf8                ble_gap_evt_sec_params_request_dec
 .text.ble_gap_evt_sec_request_dec
                0x00002c58       0x60 _build/nrf52832_xxaa_ble_gap_evt_app.c.o
                0x00002c58                ble_gap_evt_sec_request_dec
 .text.ble_gap_evt_timeout_dec
                0x00002cb8       0x60 _build/nrf52832_xxaa_ble_gap_evt_app.c.o
                0x00002cb8                ble_gap_evt_timeout_dec
 .text.ble_gap_addr_t_enc
                0x00002d18       0x40 _build/nrf52832_xxaa_ble_gap_struct_serialization.c.o
                0x00002d18                ble_gap_addr_t_enc
 .text.ble_gap_sign_info_t_enc
                0x00002d58       0x28 _build/nrf52832_xxaa_ble_gap_struct_serialization.c.o
                0x00002d58                ble_gap_sign_info_t_enc
 .text.ble_gap_lesc_p256_pk_t_enc
                0x00002d80       0x28 _build/nrf52832_xxaa_ble_gap_struct_serialization.c.o
                0x00002d80                ble_gap_lesc_p256_pk_t_enc
 .text.ble_gap_sign_info_t_dec
                0x00002da8       0x20 _build/nrf52832_xxaa_ble_gap_struct_serialization.c.o
                0x00002da8                ble_gap_sign_info_t_dec
 .text.ble_gap_lesc_p256_pk_t_dec
                0x00002dc8       0x20 _build/nrf52832_xxaa_ble_gap_struct_serialization.c.o
                0x00002dc8                ble_gap_lesc_p256_pk_t_dec
 .text.ble_gap_addr_t_dec
                0x00002de8       0x4c _build/nrf52832_xxaa_ble_gap_struct_serialization.c.o
                0x00002de8                ble_gap_addr_t_dec
 .text.ble_gap_device_name_t_enc
                0x00002e34       0x80 _build/nrf52832_xxaa_ble_gap_struct_serialization.c.o
                0x00002e34                ble_gap_device_name_t_enc
 .text.ble_gap_id_key_t_enc
                0x00002eb4       0x5c _build/nrf52832_xxaa_ble_gap_struct_serialization.c.o
                0x00002eb4                ble_gap_id_key_t_enc
 .text.ble_gap_enc_key_t_dec
                0x00002f10       0x80 _build/nrf52832_xxaa_ble_gap_struct_serialization.c.o
                0x00002f10                ble_gap_enc_key_t_dec
 .text.ble_gap_enc_key_t_enc
                0x00002f90       0x70 _build/nrf52832_xxaa_ble_gap_struct_serialization.c.o
                0x00002f90                ble_gap_enc_key_t_enc
 .text.ble_gap_id_key_t_dec
                0x00003000       0x64 _build/nrf52832_xxaa_ble_gap_struct_serialization.c.o
                0x00003000                ble_gap_id_key_t_dec
 .text.ble_gap_sec_params_t_enc.part.10
                0x00003064       0x78 _build/nrf52832_xxaa_ble_gap_struct_serialization.c.o
 .text.ble_gap_evt_adv_report_t_dec
                0x000030dc       0xfc _build/nrf52832_xxaa_ble_gap_struct_serialization.c.o
                0x000030dc                ble_gap_evt_adv_report_t_dec
 .text.ble_gap_evt_auth_status_t_dec
                0x000031d8      0x104 _build/nrf52832_xxaa_ble_gap_struct_serialization.c.o
                0x000031d8                ble_gap_evt_auth_status_t_dec
 .text.ble_gap_evt_conn_sec_update_t_dec
                0x000032dc       0x4c _build/nrf52832_xxaa_ble_gap_struct_serialization.c.o
                0x000032dc                ble_gap_evt_conn_sec_update_t_dec
 .text.ble_gap_evt_sec_info_request_t_dec
                0x00003328       0xac _build/nrf52832_xxaa_ble_gap_struct_serialization.c.o
                0x00003328                ble_gap_evt_sec_info_request_t_dec
 .text.ble_gap_evt_connected_t_dec
                0x000033d4       0xb0 _build/nrf52832_xxaa_ble_gap_struct_serialization.c.o
                0x000033d4                ble_gap_evt_connected_t_dec
 .text.ble_gap_sec_params_t_enc
                0x00003484       0x3c _build/nrf52832_xxaa_ble_gap_struct_serialization.c.o
                0x00003484                ble_gap_sec_params_t_enc
 .text.ble_gap_evt_sec_params_request_t_dec
                0x000034c0       0xe0 _build/nrf52832_xxaa_ble_gap_struct_serialization.c.o
                0x000034c0                ble_gap_evt_sec_params_request_t_dec
 .text.ble_gap_evt_conn_param_update_t_dec
                0x000035a0       0x58 _build/nrf52832_xxaa_ble_gap_struct_serialization.c.o
                0x000035a0                ble_gap_evt_conn_param_update_t_dec
 .text.ble_gap_evt_conn_param_update_request_t_dec
                0x000035f8       0x58 _build/nrf52832_xxaa_ble_gap_struct_serialization.c.o
                0x000035f8                ble_gap_evt_conn_param_update_request_t_dec
 .text.ble_gap_conn_params_t_enc
                0x00003650       0x50 _build/nrf52832_xxaa_ble_gap_struct_serialization.c.o
                0x00003650                ble_gap_conn_params_t_enc
 .text.ble_gap_evt_disconnected_t_dec
                0x000036a0       0x18 _build/nrf52832_xxaa_ble_gap_struct_serialization.c.o
                0x000036a0                ble_gap_evt_disconnected_t_dec
 .text.ble_gap_scan_params_t_enc
                0x000036b8       0x5c _build/nrf52832_xxaa_ble_gap_struct_serialization.c.o
                0x000036b8                ble_gap_scan_params_t_enc
 .text.ble_gap_sec_keyset_t_enc
                0x00003714       0xdc _build/nrf52832_xxaa_ble_gap_struct_serialization.c.o
                0x00003714                ble_gap_sec_keyset_t_enc
 .text.ble_gap_sec_keyset_t_dec
                0x000037f0       0xe8 _build/nrf52832_xxaa_ble_gap_struct_serialization.c.o
                0x000037f0                ble_gap_sec_keyset_t_dec
 .text.ble_gap_evt_sec_request_t_dec
                0x000038d8       0x44 _build/nrf52832_xxaa_ble_gap_struct_serialization.c.o
                0x000038d8                ble_gap_evt_sec_request_t_dec
 .text.ble_gap_enable_params_t_enc
                0x0000391c       0x54 _build/nrf52832_xxaa_ble_gap_struct_serialization.c.o
                0x0000391c                ble_gap_enable_params_t_enc
 .text.ble_gatt_char_props_t_dec
                0x00003970       0x54 _build/nrf52832_xxaa_ble_gatt_struct_serialization.c.o
                0x00003970                ble_gatt_char_props_t_dec
 .text.ble_gatt_enable_params_t_enc
                0x000039c4       0x18 _build/nrf52832_xxaa_ble_gatt_struct_serialization.c.o
                0x000039c4                ble_gatt_enable_params_t_enc
 .text.ble_gattc_characteristics_discover_req_enc
                0x000039dc       0x64 _build/nrf52832_xxaa_ble_gattc_app.c.o
                0x000039dc                ble_gattc_characteristics_discover_req_enc
 .text.ble_gattc_characteristics_discover_rsp_dec
                0x00003a40        0x8 _build/nrf52832_xxaa_ble_gattc_app.c.o
                0x00003a40                ble_gattc_characteristics_discover_rsp_dec
 .text.ble_gattc_descriptors_discover_req_enc
                0x00003a48       0x64 _build/nrf52832_xxaa_ble_gattc_app.c.o
                0x00003a48                ble_gattc_descriptors_discover_req_enc
 .text.ble_gattc_descriptors_discover_rsp_dec
                0x00003aac        0x8 _build/nrf52832_xxaa_ble_gattc_app.c.o
                0x00003aac                ble_gattc_descriptors_discover_rsp_dec
 .text.ble_gattc_primary_services_discover_req_enc
                0x00003ab4       0x74 _build/nrf52832_xxaa_ble_gattc_app.c.o
                0x00003ab4                ble_gattc_primary_services_discover_req_enc
 .text.ble_gattc_primary_services_discover_rsp_dec
                0x00003b28        0x8 _build/nrf52832_xxaa_ble_gattc_app.c.o
                0x00003b28                ble_gattc_primary_services_discover_rsp_dec
 .text.ble_gattc_write_req_enc
                0x00003b30       0x64 _build/nrf52832_xxaa_ble_gattc_app.c.o
                0x00003b30                ble_gattc_write_req_enc
 .text.ble_gattc_write_rsp_dec
                0x00003b94        0x8 _build/nrf52832_xxaa_ble_gattc_app.c.o
                0x00003b94                ble_gattc_write_rsp_dec
 .text.ble_gattc_evt_attr_info_disc_rsp_dec
                0x00003b9c       0x98 _build/nrf52832_xxaa_ble_gattc_evt_app.c.o
                0x00003b9c                ble_gattc_evt_attr_info_disc_rsp_dec
 .text.ble_gattc_evt_char_disc_rsp_dec
                0x00003c34       0x98 _build/nrf52832_xxaa_ble_gattc_evt_app.c.o
                0x00003c34                ble_gattc_evt_char_disc_rsp_dec
 .text.ble_gattc_evt_char_val_by_uuid_read_rsp_dec
                0x00003ccc       0x98 _build/nrf52832_xxaa_ble_gattc_evt_app.c.o
                0x00003ccc                ble_gattc_evt_char_val_by_uuid_read_rsp_dec
 .text.ble_gattc_evt_char_vals_read_rsp_dec
                0x00003d64       0x98 _build/nrf52832_xxaa_ble_gattc_evt_app.c.o
                0x00003d64                ble_gattc_evt_char_vals_read_rsp_dec
 .text.ble_gattc_evt_desc_disc_rsp_dec
                0x00003dfc       0x98 _build/nrf52832_xxaa_ble_gattc_evt_app.c.o
                0x00003dfc                ble_gattc_evt_desc_disc_rsp_dec
 .text.ble_gattc_evt_hvx_dec
                0x00003e94       0x98 _build/nrf52832_xxaa_ble_gattc_evt_app.c.o
                0x00003e94                ble_gattc_evt_hvx_dec
 .text.ble_gattc_evt_prim_srvc_disc_rsp_dec
                0x00003f2c       0x98 _build/nrf52832_xxaa_ble_gattc_evt_app.c.o
                0x00003f2c                ble_gattc_evt_prim_srvc_disc_rsp_dec
 .text.ble_gattc_evt_read_rsp_dec
                0x00003fc4       0x98 _build/nrf52832_xxaa_ble_gattc_evt_app.c.o
                0x00003fc4                ble_gattc_evt_read_rsp_dec
 .text.ble_gattc_evt_rel_disc_rsp_dec
                0x0000405c       0x98 _build/nrf52832_xxaa_ble_gattc_evt_app.c.o
                0x0000405c                ble_gattc_evt_rel_disc_rsp_dec
 .text.ble_gattc_evt_timeout_dec
                0x000040f4       0x84 _build/nrf52832_xxaa_ble_gattc_evt_app.c.o
                0x000040f4                ble_gattc_evt_timeout_dec
 .text.ble_gattc_evt_write_rsp_dec
                0x00004178       0x98 _build/nrf52832_xxaa_ble_gattc_evt_app.c.o
                0x00004178                ble_gattc_evt_write_rsp_dec
 .text.ble_gattc_evt_exchange_mtu_rsp_dec
                0x00004210       0x84 _build/nrf52832_xxaa_ble_gattc_evt_app.c.o
                0x00004210                ble_gattc_evt_exchange_mtu_rsp_dec
 .text.ble_gattc_attr_info128_t_dec
                0x00004294       0x34 _build/nrf52832_xxaa_ble_gattc_struct_serialization.c.o
                0x00004294                ble_gattc_attr_info128_t_dec
 .text.ble_gattc_attr_info16_t_dec
                0x000042c8       0x34 _build/nrf52832_xxaa_ble_gattc_struct_serialization.c.o
                0x000042c8                ble_gattc_attr_info16_t_dec
 .text.ble_gattc_evt_char_val_by_uuid_read_rsp_t_dec
                0x000042fc       0x74 _build/nrf52832_xxaa_ble_gattc_struct_serialization.c.o
                0x000042fc                ble_gattc_evt_char_val_by_uuid_read_rsp_t_dec
 .text.ble_gattc_evt_char_vals_read_rsp_t_dec
                0x00004370       0x54 _build/nrf52832_xxaa_ble_gattc_struct_serialization.c.o
                0x00004370                ble_gattc_evt_char_vals_read_rsp_t_dec
 .text.ble_gattc_handle_range_t_enc
                0x000043c4       0x34 _build/nrf52832_xxaa_ble_gattc_struct_serialization.c.o
                0x000043c4                ble_gattc_handle_range_t_enc
 .text.ble_gattc_evt_rel_disc_rsp_t_dec
                0x000043f8       0xac _build/nrf52832_xxaa_ble_gattc_struct_serialization.c.o
                0x000043f8                ble_gattc_evt_rel_disc_rsp_t_dec
 .text.ble_gattc_write_params_t_enc
                0x000044a4       0x5c _build/nrf52832_xxaa_ble_gattc_struct_serialization.c.o
                0x000044a4                ble_gattc_write_params_t_enc
 .text.ble_gattc_evt_attr_info_disc_rsp_t_dec
                0x00004500       0xb8 _build/nrf52832_xxaa_ble_gattc_struct_serialization.c.o
                0x00004500                ble_gattc_evt_attr_info_disc_rsp_t_dec
 .text.ble_gattc_evt_char_disc_rsp_t_dec
                0x000045b8       0xd4 _build/nrf52832_xxaa_ble_gattc_struct_serialization.c.o
                0x000045b8                ble_gattc_evt_char_disc_rsp_t_dec
 .text.ble_gattc_evt_desc_disc_rsp_t_dec
                0x0000468c       0x8c _build/nrf52832_xxaa_ble_gattc_struct_serialization.c.o
                0x0000468c                ble_gattc_evt_desc_disc_rsp_t_dec
 .text.ble_gattc_evt_hvx_t_dec
                0x00004718       0x7c _build/nrf52832_xxaa_ble_gattc_struct_serialization.c.o
                0x00004718                ble_gattc_evt_hvx_t_dec
 .text.ble_gattc_evt_prim_srvc_disc_rsp_t_dec
                0x00004794       0x9c _build/nrf52832_xxaa_ble_gattc_struct_serialization.c.o
                0x00004794                ble_gattc_evt_prim_srvc_disc_rsp_t_dec
 .text.ble_gattc_evt_read_rsp_t_dec
                0x00004830       0x7c _build/nrf52832_xxaa_ble_gattc_struct_serialization.c.o
                0x00004830                ble_gattc_evt_read_rsp_t_dec
 .text.ble_gattc_evt_timeout_t_dec
                0x000048ac       0x18 _build/nrf52832_xxaa_ble_gattc_struct_serialization.c.o
                0x000048ac                ble_gattc_evt_timeout_t_dec
 .text.ble_gattc_evt_write_rsp_t_dec
                0x000048c4       0x8c _build/nrf52832_xxaa_ble_gattc_struct_serialization.c.o
                0x000048c4                ble_gattc_evt_write_rsp_t_dec
 .text.ble_gattc_evt_exchange_mtu_rsp_t_dec
                0x00004950       0x18 _build/nrf52832_xxaa_ble_gattc_struct_serialization.c.o
                0x00004950                ble_gattc_evt_exchange_mtu_rsp_t_dec
 .text.ble_gatts_exchange_mtu_reply_req_enc
                0x00004968       0x58 _build/nrf52832_xxaa_ble_gatts_app.c.o
                0x00004968                ble_gatts_exchange_mtu_reply_req_enc
 .text.ble_gatts_exchange_mtu_reply_rsp_dec
                0x000049c0        0x8 _build/nrf52832_xxaa_ble_gatts_app.c.o
                0x000049c0                ble_gatts_exchange_mtu_reply_rsp_dec
 .text.ble_gatts_evt_hvc_dec
                0x000049c8       0x60 _build/nrf52832_xxaa_ble_gatts_evt_app.c.o
                0x000049c8                ble_gatts_evt_hvc_dec
 .text.ble_gatts_evt_rw_authorize_request_dec
                0x00004a28       0xd8 _build/nrf52832_xxaa_ble_gatts_evt_app.c.o
                0x00004a28                ble_gatts_evt_rw_authorize_request_dec
 .text.ble_gatts_evt_sc_confirm_dec
                0x00004b00       0x44 _build/nrf52832_xxaa_ble_gatts_evt_app.c.o
                0x00004b00                ble_gatts_evt_sc_confirm_dec
 .text.ble_gatts_evt_sys_attr_missing_dec
                0x00004b44       0x60 _build/nrf52832_xxaa_ble_gatts_evt_app.c.o
                0x00004b44                ble_gatts_evt_sys_attr_missing_dec
 .text.ble_gatts_evt_timeout_dec
                0x00004ba4       0x60 _build/nrf52832_xxaa_ble_gatts_evt_app.c.o
                0x00004ba4                ble_gatts_evt_timeout_dec
 .text.ble_gatts_evt_write_dec
                0x00004c04       0xc4 _build/nrf52832_xxaa_ble_gatts_evt_app.c.o
                0x00004c04                ble_gatts_evt_write_dec
 .text.ble_gatts_evt_exchange_mtu_request_dec
                0x00004cc8       0x60 _build/nrf52832_xxaa_ble_gatts_evt_app.c.o
                0x00004cc8                ble_gatts_evt_exchange_mtu_request_dec
 .text.ble_gatts_evt_write_t_dec
                0x00004d28       0xc4 _build/nrf52832_xxaa_ble_gatts_struct_serialization.c.o
                0x00004d28                ble_gatts_evt_write_t_dec
 .text.ble_gatts_evt_rw_authorize_request_t_dec
                0x00004dec       0x7c _build/nrf52832_xxaa_ble_gatts_struct_serialization.c.o
                0x00004dec                ble_gatts_evt_rw_authorize_request_t_dec
 .text.ble_gatts_enable_params_t_enc
                0x00004e68       0x40 _build/nrf52832_xxaa_ble_gatts_struct_serialization.c.o
                0x00004e68                ble_gatts_enable_params_t_enc
 .text.ble_gatts_evt_exchange_mtu_request_t_dec
                0x00004ea8       0x18 _build/nrf52832_xxaa_ble_gatts_struct_serialization.c.o
                0x00004ea8                ble_gatts_evt_exchange_mtu_request_t_dec
 .text.ble_gatts_evt_hvc_t_dec
                0x00004ec0       0x18 _build/nrf52832_xxaa_ble_gatts_struct_serialization.c.o
                0x00004ec0                ble_gatts_evt_hvc_t_dec
 .text.ble_gatts_evt_sys_attr_missing_t_dec
                0x00004ed8       0x18 _build/nrf52832_xxaa_ble_gatts_struct_serialization.c.o
                0x00004ed8                ble_gatts_evt_sys_attr_missing_t_dec
 .text.ble_gatts_evt_timeout_t_dec
                0x00004ef0       0x18 _build/nrf52832_xxaa_ble_gatts_struct_serialization.c.o
                0x00004ef0                ble_gatts_evt_timeout_t_dec
 .text.ble_l2cap_evt_rx_dec
                0x00004f08       0x74 _build/nrf52832_xxaa_ble_l2cap_evt_app.c.o
                0x00004f08                ble_l2cap_evt_rx_dec
 .text.ser_ble_cmd_rsp_result_code_dec
                0x00004f7c       0x58 _build/nrf52832_xxaa_ble_serialization.c.o
                0x00004f7c                ser_ble_cmd_rsp_result_code_dec
 .text.ser_ble_cmd_rsp_dec
                0x00004fd4       0x40 _build/nrf52832_xxaa_ble_serialization.c.o
                0x00004fd4                ser_ble_cmd_rsp_dec
 .text.uint32_t_enc
                0x00005014       0x40 _build/nrf52832_xxaa_ble_serialization.c.o
                0x00005014                uint32_t_enc
 .text.uint16_t_enc
                0x00005054       0x2c _build/nrf52832_xxaa_ble_serialization.c.o
                0x00005054                uint16_t_enc
 .text.uint16_t_dec
                0x00005080       0x28 _build/nrf52832_xxaa_ble_serialization.c.o
                0x00005080                uint16_t_dec
 .text.uint8_t_enc
                0x000050a8       0x24 _build/nrf52832_xxaa_ble_serialization.c.o
                0x000050a8                uint8_t_enc
 .text.uint8_t_dec
                0x000050cc       0x24 _build/nrf52832_xxaa_ble_serialization.c.o
                0x000050cc                uint8_t_dec
 .text.uint8_dec
                0x000050f0       0x18 _build/nrf52832_xxaa_ble_serialization.c.o
                0x000050f0                uint8_dec
 .text.len8data_enc
                0x00005108       0x48 _build/nrf52832_xxaa_ble_serialization.c.o
                0x00005108                len8data_enc
 .text.len8data_dec
                0x00005150       0x64 _build/nrf52832_xxaa_ble_serialization.c.o
                0x00005150                len8data_dec
 .text.len16data_enc
                0x000051b4       0x54 _build/nrf52832_xxaa_ble_serialization.c.o
                0x000051b4                len16data_enc
 .text.len16data_dec
                0x00005208       0x70 _build/nrf52832_xxaa_ble_serialization.c.o
                0x00005208                len16data_dec
 .text.buf_enc  0x00005278       0x3c _build/nrf52832_xxaa_ble_serialization.c.o
                0x00005278                buf_enc
 .text.uint8_vector_enc
                0x000052b4       0x34 _build/nrf52832_xxaa_ble_serialization.c.o
                0x000052b4                uint8_vector_enc
 .text.uint8_vector_dec
                0x000052e8       0x30 _build/nrf52832_xxaa_ble_serialization.c.o
                0x000052e8                uint8_vector_dec
 .text.ble_conn_bw_counts_t_enc
                0x00005318       0x78 _build/nrf52832_xxaa_ble_struct_serialization.c.o
                0x00005318                ble_conn_bw_counts_t_enc
 .text.ble_uuid_t_enc
                0x00005390       0x34 _build/nrf52832_xxaa_ble_struct_serialization.c.o
                0x00005390                ble_uuid_t_enc
 .text.ble_uuid_t_dec
                0x000053c4       0x34 _build/nrf52832_xxaa_ble_struct_serialization.c.o
                0x000053c4                ble_uuid_t_dec
 .text.ble_uuid128_t_enc
                0x000053f8       0x28 _build/nrf52832_xxaa_ble_struct_serialization.c.o
                0x000053f8                ble_uuid128_t_enc
 .text.ble_uuid128_t_dec
                0x00005420       0x20 _build/nrf52832_xxaa_ble_struct_serialization.c.o
                0x00005420                ble_uuid128_t_dec
 .text.ble_l2cap_evt_rx_t_dec
                0x00005440       0x74 _build/nrf52832_xxaa_ble_struct_serialization.c.o
                0x00005440                ble_l2cap_evt_rx_t_dec
 .text.ble_enable_params_t_enc
                0x000054b4       0x78 _build/nrf52832_xxaa_ble_struct_serialization.c.o
                0x000054b4                ble_enable_params_t_enc
 .text.ble_evt_data_length_changed_t_dec
                0x0000552c       0x50 _build/nrf52832_xxaa_ble_struct_serialization.c.o
                0x0000552c                ble_evt_data_length_changed_t_dec
 .text.cond_field_enc
                0x0000557c       0x34 _build/nrf52832_xxaa_cond_field_serialization.c.o
                0x0000557c                cond_field_enc
 .text.cond_field_dec
                0x000055b0       0x5c _build/nrf52832_xxaa_cond_field_serialization.c.o
                0x000055b0                cond_field_dec
 .text.power_system_off_req_enc
                0x0000560c       0x30 _build/nrf52832_xxaa_nrf_soc_app.c.o
                0x0000560c                power_system_off_req_enc
 .text.ser_app_hal_hw_init
                0x0000563c       0x40 _build/nrf52832_xxaa_ser_app_hal_nrf5x.c.o
                0x0000563c                ser_app_hal_hw_init
 .text.ser_app_hal_delay
                0x0000567c       0x94 _build/nrf52832_xxaa_ser_app_hal_nrf5x.c.o
                0x0000567c                ser_app_hal_delay
 .text.ser_app_hal_nrf_reset_pin_clear
                0x00005710       0x10 _build/nrf52832_xxaa_ser_app_hal_nrf5x.c.o
                0x00005710                ser_app_hal_nrf_reset_pin_clear
 .text.ser_app_hal_nrf_reset_pin_set
                0x00005720       0x10 _build/nrf52832_xxaa_ser_app_hal_nrf5x.c.o
                0x00005720                ser_app_hal_nrf_reset_pin_set
 .text.ser_app_hal_nrf_evt_irq_priority_set
                0x00005730       0x10 _build/nrf52832_xxaa_ser_app_hal_nrf5x.c.o
                0x00005730                ser_app_hal_nrf_evt_irq_priority_set
 .text.ser_app_hal_nrf_evt_pending
                0x00005740       0x10 _build/nrf52832_xxaa_ser_app_hal_nrf5x.c.o
                0x00005740                ser_app_hal_nrf_evt_pending
 .text.ser_app_power_system_off_set
                0x00005750        0xc _build/nrf52832_xxaa_ser_app_power_system_off.c.o
                0x00005750                ser_app_power_system_off_set
 .text.ser_app_power_system_off_get
                0x0000575c        0xc _build/nrf52832_xxaa_ser_app_power_system_off.c.o
                0x0000575c                ser_app_power_system_off_get
 .text.ser_app_power_system_off_enter
                0x00005768        0xc _build/nrf52832_xxaa_ser_app_power_system_off.c.o
                0x00005768                ser_app_power_system_off_enter
 .text.phy_events_handler
                0x00005774      0x218 _build/nrf52832_xxaa_ser_hal_transport.c.o
 .text.ser_hal_transport_open
                0x0000598c       0x4c _build/nrf52832_xxaa_ser_hal_transport.c.o
                0x0000598c                ser_hal_transport_open
 .text.ser_hal_transport_rx_pkt_free
                0x000059d8       0x68 _build/nrf52832_xxaa_ser_hal_transport.c.o
                0x000059d8                ser_hal_transport_rx_pkt_free
 .text.ser_hal_transport_tx_pkt_alloc
                0x00005a40       0x34 _build/nrf52832_xxaa_ser_hal_transport.c.o
                0x00005a40                ser_hal_transport_tx_pkt_alloc
 .text.ser_hal_transport_tx_pkt_send
                0x00005a74       0x64 _build/nrf52832_xxaa_ser_hal_transport.c.o
                0x00005a74                ser_hal_transport_tx_pkt_send
 .text.ser_phy_spi_master_ready
                0x00005ad8       0x44 _build/nrf52832_xxaa_ser_phy_spi_master.c.o
 .text.ser_phy_spi_master_request
                0x00005b1c       0x44 _build/nrf52832_xxaa_ser_phy_spi_master.c.o
 .text.ser_phy_spi_master_event_handler
                0x00005b60       0x20 _build/nrf52832_xxaa_ser_phy_spi_master.c.o
 .text.header_send
                0x00005b80       0x28 _build/nrf52832_xxaa_ser_phy_spi_master.c.o
 .text.SWI3_EGU3_IRQHandler
                0x00005ba8      0x598 _build/nrf52832_xxaa_ser_phy_spi_master.c.o
                0x00005ba8                SWI3_EGU3_IRQHandler
 .text.ser_phy_tx_pkt_send
                0x00006140       0x5c _build/nrf52832_xxaa_ser_phy_spi_master.c.o
                0x00006140                ser_phy_tx_pkt_send
 .text.ser_phy_rx_buf_set
                0x0000619c       0x44 _build/nrf52832_xxaa_ser_phy_spi_master.c.o
                0x0000619c                ser_phy_rx_buf_set
 .text.ser_phy_open
                0x000061e0       0xf4 _build/nrf52832_xxaa_ser_phy_spi_master.c.o
                0x000061e0                ser_phy_open
 .text.ser_phy_interrupts_enable
                0x000062d4       0x10 _build/nrf52832_xxaa_ser_phy_spi_master.c.o
                0x000062d4                ser_phy_interrupts_enable
 .text.ser_phy_interrupts_disable
                0x000062e4       0x10 _build/nrf52832_xxaa_ser_phy_spi_master.c.o
                0x000062e4                ser_phy_interrupts_disable
 .text.ser_sd_transport_hal_handler
                0x000062f4       0xe4 _build/nrf52832_xxaa_ser_sd_transport.c.o
 .text.ser_sd_transport_open
                0x000063d8       0x44 _build/nrf52832_xxaa_ser_sd_transport.c.o
                0x000063d8                ser_sd_transport_open
 .text.ser_sd_transport_is_busy
                0x0000641c        0xc _build/nrf52832_xxaa_ser_sd_transport.c.o
                0x0000641c                ser_sd_transport_is_busy
 .text.ser_sd_transport_tx_alloc
                0x00006428       0x14 _build/nrf52832_xxaa_ser_sd_transport.c.o
                0x00006428                ser_sd_transport_tx_alloc
 .text.ser_sd_transport_rx_free
                0x0000643c        0x8 _build/nrf52832_xxaa_ser_sd_transport.c.o
                0x0000643c                ser_sd_transport_rx_free
 .text.ser_sd_transport_cmd_write
                0x00006444       0x50 _build/nrf52832_xxaa_ser_sd_transport.c.o
                0x00006444                ser_sd_transport_cmd_write
 .text.os_rsp_set_handler
                0x00006494        0x4 _build/nrf52832_xxaa_ser_softdevice_handler.c.o
                0x00006494                os_rsp_set_handler
 .text.ser_softdevice_flash_operation_success_evt
                0x00006498       0x2c _build/nrf52832_xxaa_ser_softdevice_handler.c.o
                0x00006498                ser_softdevice_flash_operation_success_evt
 .text.ser_sd_rsp_wait
                0x000064c4       0x10 _build/nrf52832_xxaa_ser_softdevice_handler.c.o
 .text.ser_softdevice_evt_handler
                0x000064d4       0x44 _build/nrf52832_xxaa_ser_softdevice_handler.c.o
 .text.sd_evt_get
                0x00006518       0x10 _build/nrf52832_xxaa_ser_softdevice_handler.c.o
                0x00006518                sd_evt_get
 .text.sd_ble_evt_get
                0x00006528       0x2c _build/nrf52832_xxaa_ser_softdevice_handler.c.o
                0x00006528                sd_ble_evt_get
 .text.sd_softdevice_enable
                0x00006554       0x64 _build/nrf52832_xxaa_ser_softdevice_handler.c.o
                0x00006554                sd_softdevice_enable
 .text.POWER_CLOCK_IRQHandler
                0x000065b8       0x84 _build/nrf52832_xxaa_nrf_drv_clock.c.o
                0x000065b8                POWER_CLOCK_IRQHandler
 .text.nrf_drv_common_irq_enable
                0x0000663c       0x50 _build/nrf52832_xxaa_nrf_drv_common.c.o
                0x0000663c                nrf_drv_common_irq_enable
 .text.nrf_drv_gpiote_init
                0x0000668c       0x84 _build/nrf52832_xxaa_nrf_drv_gpiote.c.o
                0x0000668c                nrf_drv_gpiote_init
 .text.nrf_drv_gpiote_is_init
                0x00006710       0x14 _build/nrf52832_xxaa_nrf_drv_gpiote.c.o
                0x00006710                nrf_drv_gpiote_is_init
 .text.nrf_drv_gpiote_in_init
                0x00006724      0x194 _build/nrf52832_xxaa_nrf_drv_gpiote.c.o
                0x00006724                nrf_drv_gpiote_in_init
 .text.nrf_drv_gpiote_in_event_enable
                0x000068b8       0xc4 _build/nrf52832_xxaa_nrf_drv_gpiote.c.o
                0x000068b8                nrf_drv_gpiote_in_event_enable
 .text.nrf_drv_gpiote_in_is_set
                0x0000697c       0x14 _build/nrf52832_xxaa_nrf_drv_gpiote.c.o
                0x0000697c                nrf_drv_gpiote_in_is_set
 .text.GPIOTE_IRQHandler
                0x00006990      0x2c8 _build/nrf52832_xxaa_nrf_drv_gpiote.c.o
                0x00006990                GPIOTE_IRQHandler
 .text.nrf_drv_spi_init
                0x00006c58      0x124 _build/nrf52832_xxaa_nrf_drv_spi.c.o
                0x00006c58                nrf_drv_spi_init
 .text.nrf_drv_spi_transfer
                0x00006d7c       0xe8 _build/nrf52832_xxaa_nrf_drv_spi.c.o
                0x00006d7c                nrf_drv_spi_transfer
 .text.SPIM0_SPIS0_TWIM0_TWIS0_SPI0_TWI0_IRQHandler
                0x00006e64       0x50 _build/nrf52832_xxaa_nrf_drv_spi.c.o
                0x00006e64                SPIM0_SPIS0_TWIM0_TWIS0_SPI0_TWI0_IRQHandler
 .text.nrf_drv_uart_init
                0x00006eb4      0x1dc _build/nrf52832_xxaa_nrf_drv_uart.c.o
                0x00006eb4                nrf_drv_uart_init
 .text.nrf_drv_uart_tx
                0x00007090      0x174 _build/nrf52832_xxaa_nrf_drv_uart.c.o
                0x00007090                nrf_drv_uart_tx
 .text.nrf_drv_uart_tx_in_progress
                0x00007204       0x18 _build/nrf52832_xxaa_nrf_drv_uart.c.o
                0x00007204                nrf_drv_uart_tx_in_progress
 .text.nrf_drv_uart_rx
                0x0000721c      0x254 _build/nrf52832_xxaa_nrf_drv_uart.c.o
                0x0000721c                nrf_drv_uart_rx
 .text.nrf_drv_uart_rx_enable
                0x00007470       0x4c _build/nrf52832_xxaa_nrf_drv_uart.c.o
                0x00007470                nrf_drv_uart_rx_enable
 .text.UARTE0_UART0_IRQHandler
                0x000074bc      0x2fc _build/nrf52832_xxaa_nrf_drv_uart.c.o
                0x000074bc                UARTE0_UART0_IRQHandler
 .text.sd_app_evt_wait
                0x000077b8        0x8 _build/nrf52832_xxaa_nrf_soc.c.o
                0x000077b8                sd_app_evt_wait
 .text.alert_timer_handler
                0x000077c0        0x8 _build/nrf52832_xxaa_bsp.c.o
 .text.bsp_button_event_handler
                0x000077c8       0xb0 _build/nrf52832_xxaa_bsp.c.o
 .text.leds_timer_handler
                0x00007878      0x21c _build/nrf52832_xxaa_bsp.c.o
 .text.button_timer_handler
                0x00007a94       0x30 _build/nrf52832_xxaa_bsp.c.o
 .text.bsp_button_is_pressed
                0x00007ac4        0x4 _build/nrf52832_xxaa_bsp.c.o
                0x00007ac4                bsp_button_is_pressed
 .text.bsp_indication_set
                0x00007ac8      0x278 _build/nrf52832_xxaa_bsp.c.o
                0x00007ac8                bsp_indication_set
 .text.bsp_init
                0x00007d40       0xb8 _build/nrf52832_xxaa_bsp.c.o
                0x00007d40                bsp_init
 .text.bsp_event_to_button_action_assign
                0x00007df8       0x50 _build/nrf52832_xxaa_bsp.c.o
                0x00007df8                bsp_event_to_button_action_assign
 .text.bsp_wakeup_button_enable
                0x00007e48       0x28 _build/nrf52832_xxaa_bsp.c.o
                0x00007e48                bsp_wakeup_button_enable
 .text.bsp_btn_ble_sleep_mode_prepare
                0x00007e70       0x24 _build/nrf52832_xxaa_bsp_btn_ble.c.o
                0x00007e70                bsp_btn_ble_sleep_mode_prepare
 .text.bsp_btn_ble_on_ble_evt
                0x00007e94       0xb0 _build/nrf52832_xxaa_bsp_btn_ble.c.o
                0x00007e94                bsp_btn_ble_on_ble_evt
 .text.bsp_btn_ble_init
                0x00007f44       0x74 _build/nrf52832_xxaa_bsp_btn_ble.c.o
                0x00007f44                bsp_btn_ble_init
 .text.db_disc_handler
                0x00007fb8        0xc _build/nrf52832_xxaa_main.c.o
 .text.uart_event_handle
                0x00007fc4       0x5c _build/nrf52832_xxaa_main.c.o
                0x00007fc4                uart_event_handle
 .text.bsp_event_handler
                0x00008020       0x48 _build/nrf52832_xxaa_main.c.o
                0x00008020                bsp_event_handler
 .text.ble_nus_c_evt_handler
                0x00008068       0x98 _build/nrf52832_xxaa_main.c.o
 .text.ble_evt_dispatch
                0x00008100      0x218 _build/nrf52832_xxaa_main.c.o
 .text.startup.main
                0x00008318      0x12c _build/nrf52832_xxaa_main.c.o
                0x00008318                main
 .text.descriptors_discover
                0x00008444       0xc8 _build/nrf52832_xxaa_ble_db_discovery.c.o
 .text.on_srv_disc_completion
                0x0000850c      0x150 _build/nrf52832_xxaa_ble_db_discovery.c.o
 .text.ble_db_discovery_init
                0x0000865c       0x34 _build/nrf52832_xxaa_ble_db_discovery.c.o
                0x0000865c                ble_db_discovery_init
 .text.ble_db_discovery_evt_register
                0x00008690       0xd0 _build/nrf52832_xxaa_ble_db_discovery.c.o
                0x00008690                ble_db_discovery_evt_register
 .text.ble_db_discovery_start
                0x00008760       0x68 _build/nrf52832_xxaa_ble_db_discovery.c.o
                0x00008760                ble_db_discovery_start
 .text.ble_db_discovery_on_ble_evt
                0x000087c8      0xbd8 _build/nrf52832_xxaa_ble_db_discovery.c.o
                0x000087c8                ble_db_discovery_on_ble_evt
 .text          0x000093a0       0x3c _build/nrf52832_xxaa_gcc_startup_nrf52.S.o
                0x000093a0                Reset_Handler
                0x000093c8                NMI_Handler
                0x000093ca                HardFault_Handler
                0x000093cc                MemoryManagement_Handler
                0x000093ce                BusFault_Handler
                0x000093d0                UsageFault_Handler
                0x000093d2                SVC_Handler
                0x000093d4                DebugMon_Handler
                0x000093d6                PendSV_Handler
                0x000093d8                SysTick_Handler
                0x000093da                TEMP_IRQHandler
                0x000093da                QDEC_IRQHandler
                0x000093da                TIMER3_IRQHandler
                0x000093da                FPU_IRQHandler
                0x000093da                PDM_IRQHandler
                0x000093da                TIMER4_IRQHandler
                0x000093da                I2S_IRQHandler
                0x000093da                SWI4_EGU4_IRQHandler
                0x000093da                TIMER0_IRQHandler
                0x000093da                RADIO_IRQHandler
                0x000093da                RTC0_IRQHandler
                0x000093da                PWM2_IRQHandler
                0x000093da                ECB_IRQHandler
                0x000093da                SPIM1_SPIS1_TWIM1_TWIS1_SPI1_TWI1_IRQHandler
                0x000093da                Default_Handler
                0x000093da                SAADC_IRQHandler
                0x000093da                CCM_AAR_IRQHandler
                0x000093da                WDT_IRQHandler
                0x000093da                PWM1_IRQHandler
                0x000093da                SWI5_EGU5_IRQHandler
                0x000093da                RNG_IRQHandler
                0x000093da                RTC2_IRQHandler
                0x000093da                PWM0_IRQHandler
                0x000093da                SWI1_EGU1_IRQHandler
                0x000093da                SPIM2_SPIS2_SPI2_IRQHandler
                0x000093da                NFCT_IRQHandler
                0x000093da                TIMER1_IRQHandler
                0x000093da                MWU_IRQHandler
                0x000093da                TIMER2_IRQHandler
                0x000093da                COMP_LPCOMP_IRQHandler
 .text.SystemInit
                0x000093dc      0x2e8 _build/nrf52832_xxaa_system_nrf52.c.o
                0x000093dc                SystemInit
 .text.ble_nus_c_on_db_disc_evt
                0x000096c4       0x84 _build/nrf52832_xxaa_ble_nus_c.c.o
                0x000096c4                ble_nus_c_on_db_disc_evt
 .text.ble_nus_c_init
                0x00009748       0x54 _build/nrf52832_xxaa_ble_nus_c.c.o
                0x00009748                ble_nus_c_init
 .text.ble_nus_c_on_ble_evt
                0x0000979c       0x7c _build/nrf52832_xxaa_ble_nus_c.c.o
                0x0000979c                ble_nus_c_on_ble_evt
 .text.ble_nus_c_rx_notif_enable
                0x00009818       0x50 _build/nrf52832_xxaa_ble_nus_c.c.o
                0x00009818                ble_nus_c_rx_notif_enable
 .text.ble_nus_c_string_send
                0x00009868       0x4c _build/nrf52832_xxaa_ble_nus_c.c.o
                0x00009868                ble_nus_c_string_send
 .text.ble_nus_c_handles_assign
                0x000098b4       0x1c _build/nrf52832_xxaa_ble_nus_c.c.o
                0x000098b4                ble_nus_c_handles_assign
 .text.softdevice_fault_handler
                0x000098d0        0x4 _build/nrf52832_xxaa_softdevice_handler.c.o
                0x000098d0                softdevice_fault_handler
 .text.intern_softdevice_events_execute.part.0
                0x000098d4       0xb0 _build/nrf52832_xxaa_softdevice_handler.c.o
 .text.softdevice_handler_init
                0x00009984       0x4c _build/nrf52832_xxaa_softdevice_handler.c.o
                0x00009984                softdevice_handler_init
 .text.softdevice_ble_evt_handler_set
                0x000099d0       0x14 _build/nrf52832_xxaa_softdevice_handler.c.o
                0x000099d0                softdevice_ble_evt_handler_set
 .text.SWI2_EGU2_IRQHandler
                0x000099e4       0x30 _build/nrf52832_xxaa_softdevice_handler.c.o
                0x000099e4                SWI2_EGU2_IRQHandler
 .text.softdevice_enable_get_default_config
                0x00009a14       0x30 _build/nrf52832_xxaa_softdevice_handler.c.o
                0x00009a14                softdevice_enable_get_default_config
 .text.softdevice_enable
                0x00009a44       0x20 _build/nrf52832_xxaa_softdevice_handler.c.o
                0x00009a44                softdevice_enable
 .text.memcpy   0x00009a64       0x16 c:/program files/gnu tools arm embedded/4.9 2015q3/bin/../lib/gcc/arm-none-eabi/4.9.3/../../../../arm-none-eabi/lib/armv7e-m/fpu\libc_nano.a(lib_a-memcpy.o)
                0x00009a64                memcpy
 *fill*         0x00009a7a        0x2 
 .text.printf   0x00009a7c       0x30 c:/program files/gnu tools arm embedded/4.9 2015q3/bin/../lib/gcc/arm-none-eabi/4.9.3/../../../../arm-none-eabi/lib/armv7e-m/fpu\libc_nano.a(lib_a-printf.o)
                0x00009a7c                iprintf
                0x00009a7c                printf
 .text._cleanup_r
                0x00009aac        0xc c:/program files/gnu tools arm embedded/4.9 2015q3/bin/../lib/gcc/arm-none-eabi/4.9.3/../../../../arm-none-eabi/lib/armv7e-m/fpu\libc_nano.a(lib_a-findfp.o)
                0x00009aac                _cleanup_r
 .text.std.isra.0
                0x00009ab8       0x48 c:/program files/gnu tools arm embedded/4.9 2015q3/bin/../lib/gcc/arm-none-eabi/4.9.3/../../../../arm-none-eabi/lib/armv7e-m/fpu\libc_nano.a(lib_a-findfp.o)
 .text.__sfmoreglue
                0x00009b00       0x2c c:/program files/gnu tools arm embedded/4.9 2015q3/bin/../lib/gcc/arm-none-eabi/4.9.3/../../../../arm-none-eabi/lib/armv7e-m/fpu\libc_nano.a(lib_a-findfp.o)
                0x00009b00                __sfmoreglue
 .text.__sinit  0x00009b2c       0x60 c:/program files/gnu tools arm embedded/4.9 2015q3/bin/../lib/gcc/arm-none-eabi/4.9.3/../../../../arm-none-eabi/lib/armv7e-m/fpu\libc_nano.a(lib_a-findfp.o)
                0x00009b2c                __sinit
 .text.__sfp    0x00009b8c       0x74 c:/program files/gnu tools arm embedded/4.9 2015q3/bin/../lib/gcc/arm-none-eabi/4.9.3/../../../../arm-none-eabi/lib/armv7e-m/fpu\libc_nano.a(lib_a-findfp.o)
                0x00009b8c                __sfp
 .text._fwalk_reent
                0x00009c00       0x3c c:/program files/gnu tools arm embedded/4.9 2015q3/bin/../lib/gcc/arm-none-eabi/4.9.3/../../../../arm-none-eabi/lib/armv7e-m/fpu\libc_nano.a(lib_a-fwalk.o)
                0x00009c00                _fwalk_reent
 .text._malloc_r
                0x00009c3c       0xac c:/program files/gnu tools arm embedded/4.9 2015q3/bin/../lib/gcc/arm-none-eabi/4.9.3/../../../../arm-none-eabi/lib/armv7e-m/fpu\libc_nano.a(lib_a-nano-mallocr.o)
                0x00009c3c                _malloc_r
 .text.__sfputc_r
                0x00009ce8       0x2c c:/program files/gnu tools arm embedded/4.9 2015q3/bin/../lib/gcc/arm-none-eabi/4.9.3/../../../../arm-none-eabi/lib/armv7e-m/fpu\libc_nano.a(lib_a-nano-vfprintf.o)
 .text.__sfputs_r
                0x00009d14       0x24 c:/program files/gnu tools arm embedded/4.9 2015q3/bin/../lib/gcc/arm-none-eabi/4.9.3/../../../../arm-none-eabi/lib/armv7e-m/fpu\libc_nano.a(lib_a-nano-vfprintf.o)
                0x00009d14                __sfputs_r
 .text._vfprintf_r
                0x00009d38      0x210 c:/program files/gnu tools arm embedded/4.9 2015q3/bin/../lib/gcc/arm-none-eabi/4.9.3/../../../../arm-none-eabi/lib/armv7e-m/fpu\libc_nano.a(lib_a-nano-vfprintf.o)
                0x00009d38                _vfprintf_r
                0x00009d38                _vfiprintf_r
 .text._printf_common
                0x00009f48       0xea c:/program files/gnu tools arm embedded/4.9 2015q3/bin/../lib/gcc/arm-none-eabi/4.9.3/../../../../arm-none-eabi/lib/armv7e-m/fpu\libc_nano.a(lib_a-nano-vfprintf_i.o)
                0x00009f48                _printf_common
 *fill*         0x0000a032        0x2 
 .text._printf_i
                0x0000a034      0x240 c:/program files/gnu tools arm embedded/4.9 2015q3/bin/../lib/gcc/arm-none-eabi/4.9.3/../../../../arm-none-eabi/lib/armv7e-m/fpu\libc_nano.a(lib_a-nano-vfprintf_i.o)
                0x0000a034                _printf_i
 .text._sbrk_r  0x0000a274       0x20 c:/program files/gnu tools arm embedded/4.9 2015q3/bin/../lib/gcc/arm-none-eabi/4.9.3/../../../../arm-none-eabi/lib/armv7e-m/fpu\libc_nano.a(lib_a-sbrkr.o)
                0x0000a274                _sbrk_r
 .text.__sread  0x0000a294       0x22 c:/program files/gnu tools arm embedded/4.9 2015q3/bin/../lib/gcc/arm-none-eabi/4.9.3/../../../../arm-none-eabi/lib/armv7e-m/fpu\libc_nano.a(lib_a-stdio.o)
                0x0000a294                __sread
 .text.__swrite
                0x0000a2b6       0x38 c:/program files/gnu tools arm embedded/4.9 2015q3/bin/../lib/gcc/arm-none-eabi/4.9.3/../../../../arm-none-eabi/lib/armv7e-m/fpu\libc_nano.a(lib_a-stdio.o)
                0x0000a2b6                __swrite
 .text.__sseek  0x0000a2ee       0x24 c:/program files/gnu tools arm embedded/4.9 2015q3/bin/../lib/gcc/arm-none-eabi/4.9.3/../../../../arm-none-eabi/lib/armv7e-m/fpu\libc_nano.a(lib_a-stdio.o)
                0x0000a2ee                __sseek
 .text.__sclose
                0x0000a312        0x8 c:/program files/gnu tools arm embedded/4.9 2015q3/bin/../lib/gcc/arm-none-eabi/4.9.3/../../../../arm-none-eabi/lib/armv7e-m/fpu\libc_nano.a(lib_a-stdio.o)
                0x0000a312                __sclose
 *fill*         0x0000a31a        0x2 
 .text.__swbuf_r
                0x0000a31c       0xa8 c:/program files/gnu tools arm embedded/4.9 2015q3/bin/../lib/gcc/arm-none-eabi/4.9.3/../../../../arm-none-eabi/lib/armv7e-m/fpu\libc_nano.a(lib_a-wbuf.o)
                0x0000a31c                __swbuf_r
 .text._write_r
                0x0000a3c4       0x24 c:/program files/gnu tools arm embedded/4.9 2015q3/bin/../lib/gcc/arm-none-eabi/4.9.3/../../../../arm-none-eabi/lib/armv7e-m/fpu\libc_nano.a(lib_a-writer.o)
                0x0000a3c4                _write_r
 .text.__swsetup_r
                0x0000a3e8       0xd8 c:/program files/gnu tools arm embedded/4.9 2015q3/bin/../lib/gcc/arm-none-eabi/4.9.3/../../../../arm-none-eabi/lib/armv7e-m/fpu\libc_nano.a(lib_a-wsetup.o)
                0x0000a3e8                __swsetup_r
 .text._close_r
                0x0000a4c0       0x20 c:/program files/gnu tools arm embedded/4.9 2015q3/bin/../lib/gcc/arm-none-eabi/4.9.3/../../../../arm-none-eabi/lib/armv7e-m/fpu\libc_nano.a(lib_a-closer.o)
                0x0000a4c0                _close_r
 .text.__sflush_r
                0x0000a4e0      0x108 c:/program files/gnu tools arm embedded/4.9 2015q3/bin/../lib/gcc/arm-none-eabi/4.9.3/../../../../arm-none-eabi/lib/armv7e-m/fpu\libc_nano.a(lib_a-fflush.o)
                0x0000a4e0                __sflush_r
 .text._fflush_r
                0x0000a5e8       0x54 c:/program files/gnu tools arm embedded/4.9 2015q3/bin/../lib/gcc/arm-none-eabi/4.9.3/../../../../arm-none-eabi/lib/armv7e-m/fpu\libc_nano.a(lib_a-fflush.o)
                0x0000a5e8                _fflush_r
 .text._lseek_r
                0x0000a63c       0x24 c:/program files/gnu tools arm embedded/4.9 2015q3/bin/../lib/gcc/arm-none-eabi/4.9.3/../../../../arm-none-eabi/lib/armv7e-m/fpu\libc_nano.a(lib_a-lseekr.o)
                0x0000a63c                _lseek_r
 .text.__smakebuf_r
                0x0000a660       0x9c c:/program files/gnu tools arm embedded/4.9 2015q3/bin/../lib/gcc/arm-none-eabi/4.9.3/../../../../arm-none-eabi/lib/armv7e-m/fpu\libc_nano.a(lib_a-makebuf.o)
                0x0000a660                __smakebuf_r
 .text.memchr   0x0000a6fc       0x1e c:/program files/gnu tools arm embedded/4.9 2015q3/bin/../lib/gcc/arm-none-eabi/4.9.3/../../../../arm-none-eabi/lib/armv7e-m/fpu\libc_nano.a(lib_a-memchr.o)
                0x0000a6fc                memchr
 *fill*         0x0000a71a        0x2 
 .text._free_r  0x0000a71c       0x88 c:/program files/gnu tools arm embedded/4.9 2015q3/bin/../lib/gcc/arm-none-eabi/4.9.3/../../../../arm-none-eabi/lib/armv7e-m/fpu\libc_nano.a(lib_a-nano-freer.o)
                0x0000a71c                _free_r
 .text._read_r  0x0000a7a4       0x24 c:/program files/gnu tools arm embedded/4.9 2015q3/bin/../lib/gcc/arm-none-eabi/4.9.3/../../../../arm-none-eabi/lib/armv7e-m/fpu\libc_nano.a(lib_a-readr.o)
                0x0000a7a4                _read_r
 .text._fstat_r
                0x0000a7c8       0x24 c:/program files/gnu tools arm embedded/4.9 2015q3/bin/../lib/gcc/arm-none-eabi/4.9.3/../../../../arm-none-eabi/lib/armv7e-m/fpu\libc_nano.a(lib_a-fstatr.o)
                0x0000a7c8                _fstat_r
 .text._isatty_r
                0x0000a7ec       0x20 c:/program files/gnu tools arm embedded/4.9 2015q3/bin/../lib/gcc/arm-none-eabi/4.9.3/../../../../arm-none-eabi/lib/armv7e-m/fpu\libc_nano.a(lib_a-isattyr.o)
                0x0000a7ec                _isatty_r
 .text._close   0x0000a80c       0x10 c:/program files/gnu tools arm embedded/4.9 2015q3/bin/../lib/gcc/arm-none-eabi/4.9.3/../../../../arm-none-eabi/lib/armv7e-m/fpu\libnosys.a(close.o)
                0x0000a80c                _close
 .text._fstat   0x0000a81c       0x10 c:/program files/gnu tools arm embedded/4.9 2015q3/bin/../lib/gcc/arm-none-eabi/4.9.3/../../../../arm-none-eabi/lib/armv7e-m/fpu\libnosys.a(fstat.o)
                0x0000a81c                _fstat
 .text._isatty  0x0000a82c       0x10 c:/program files/gnu tools arm embedded/4.9 2015q3/bin/../lib/gcc/arm-none-eabi/4.9.3/../../../../arm-none-eabi/lib/armv7e-m/fpu\libnosys.a(isatty.o)
                0x0000a82c                _isatty
 .text._lseek   0x0000a83c       0x10 c:/program files/gnu tools arm embedded/4.9 2015q3/bin/../lib/gcc/arm-none-eabi/4.9.3/../../../../arm-none-eabi/lib/armv7e-m/fpu\libnosys.a(lseek.o)
                0x0000a83c                _lseek
 .text._sbrk    0x0000a84c       0x1c c:/program files/gnu tools arm embedded/4.9 2015q3/bin/../lib/gcc/arm-none-eabi/4.9.3/../../../../arm-none-eabi/lib/armv7e-m/fpu\libnosys.a(sbrk.o)
                0x0000a84c                _sbrk
 *(.init)
 .init          0x0000a868        0x4 c:/program files/gnu tools arm embedded/4.9 2015q3/bin/../lib/gcc/arm-none-eabi/4.9.3/armv7e-m/fpu/crti.o
                0x0000a868                _init
 .init          0x0000a86c        0x8 c:/program files/gnu tools arm embedded/4.9 2015q3/bin/../lib/gcc/arm-none-eabi/4.9.3/armv7e-m/fpu/crtn.o
 *(.fini)
 .fini          0x0000a874        0x4 c:/program files/gnu tools arm embedded/4.9 2015q3/bin/../lib/gcc/arm-none-eabi/4.9.3/armv7e-m/fpu/crti.o
                0x0000a874                _fini
 .fini          0x0000a878        0x8 c:/program files/gnu tools arm embedded/4.9 2015q3/bin/../lib/gcc/arm-none-eabi/4.9.3/armv7e-m/fpu/crtn.o
 *crtbegin.o(.ctors)
 *crtbegin?.o(.ctors)
 *(EXCLUDE_FILE(*crtend.o *crtend?.o) .ctors)
 *(SORT(.ctors.*))
 *(.ctors)
 *crtbegin.o(.dtors)
 *crtbegin?.o(.dtors)
 *(EXCLUDE_FILE(*crtend.o *crtend?.o) .dtors)
 *(SORT(.dtors.*))
 *(.dtors)
 *(.rodata*)
 .rodata.str1.1
                0x0000a880        0x2 c:/program files/gnu tools arm embedded/4.9 2015q3/bin/../lib/gcc/arm-none-eabi/4.9.3/../../../../arm-none-eabi/lib/armv7e-m/fpu\libc_nano.a(lib_a-impure.o)
 *fill*         0x0000a882        0x2 
 .rodata._global_impure_ptr
                0x0000a884        0x4 c:/program files/gnu tools arm embedded/4.9 2015q3/bin/../lib/gcc/arm-none-eabi/4.9.3/../../../../arm-none-eabi/lib/armv7e-m/fpu\libc_nano.a(lib_a-impure.o)
                0x0000a884                _global_impure_ptr
 .rodata.m_detection_delay_timer_id
                0x0000a888        0x4 _build/nrf52832_xxaa_app_button.c.o
 .rodata        0x0000a88c       0x20 _build/nrf52832_xxaa_app_uart_fifo.c.o
 .rodata.m_board_btn_list
                0x0000a8ac        0x4 _build/nrf52832_xxaa_boards.c.o
 .rodata.m_board_led_list
                0x0000a8b0        0x4 _build/nrf52832_xxaa_boards.c.o
 .rodata.CSWTCH.4
                0x0000a8b4      0x1c0 _build/nrf52832_xxaa_ble_event.c.o
 .rodata        0x0000aa74       0x14 _build/nrf52832_xxaa_ser_phy_spi_master.c.o
 .rodata.m_spi_master
                0x0000aa88        0x8 _build/nrf52832_xxaa_ser_phy_spi_master.c.o
 .rodata.m_sd_soc_evt_mailbox
                0x0000aa90       0x14 _build/nrf52832_xxaa_ser_softdevice_handler.c.o
 .rodata.m_sd_ble_evt_mailbox
                0x0000aaa4       0x14 _build/nrf52832_xxaa_ser_softdevice_handler.c.o
 .rodata.m_button_timer_id
                0x0000aab8        0x4 _build/nrf52832_xxaa_bsp.c.o
 .rodata.m_leds_timer_id
                0x0000aabc        0x4 _build/nrf52832_xxaa_bsp.c.o
 .rodata.app_buttons
                0x0000aac0       0x20 _build/nrf52832_xxaa_bsp.c.o
 .rodata.m_alert_timer_id
                0x0000aae0        0x4 _build/nrf52832_xxaa_bsp.c.o
 .rodata        0x0000aae4       0x1c _build/nrf52832_xxaa_main.c.o
 .rodata.m_connection_param
                0x0000ab00        0x8 _build/nrf52832_xxaa_main.c.o
 .rodata.str1.4
                0x0000ab08       0xa4 _build/nrf52832_xxaa_main.c.o
                                 0xa2 (size before relaxing)
 .rodata.m_scan_params
                0x0000abac        0x8 _build/nrf52832_xxaa_main.c.o
 .rodata        0x0000abb4       0x10 _build/nrf52832_xxaa_ble_nus_c.c.o
 .rodata.__sf_fake_stdin
                0x0000abc4       0x20 c:/program files/gnu tools arm embedded/4.9 2015q3/bin/../lib/gcc/arm-none-eabi/4.9.3/../../../../arm-none-eabi/lib/armv7e-m/fpu\libc_nano.a(lib_a-findfp.o)
                0x0000abc4                __sf_fake_stdin
 .rodata.__sf_fake_stdout
                0x0000abe4       0x20 c:/program files/gnu tools arm embedded/4.9 2015q3/bin/../lib/gcc/arm-none-eabi/4.9.3/../../../../arm-none-eabi/lib/armv7e-m/fpu\libc_nano.a(lib_a-findfp.o)
                0x0000abe4                __sf_fake_stdout
 .rodata.__sf_fake_stderr
                0x0000ac04       0x20 c:/program files/gnu tools arm embedded/4.9 2015q3/bin/../lib/gcc/arm-none-eabi/4.9.3/../../../../arm-none-eabi/lib/armv7e-m/fpu\libc_nano.a(lib_a-findfp.o)
                0x0000ac04                __sf_fake_stderr
 .rodata.str1.1
                0x0000ac24       0x11 c:/program files/gnu tools arm embedded/4.9 2015q3/bin/../lib/gcc/arm-none-eabi/4.9.3/../../../../arm-none-eabi/lib/armv7e-m/fpu\libc_nano.a(lib_a-nano-vfprintf.o)
 .rodata.str1.1
                0x0000ac35       0x22 c:/program files/gnu tools arm embedded/4.9 2015q3/bin/../lib/gcc/arm-none-eabi/4.9.3/../../../../arm-none-eabi/lib/armv7e-m/fpu\libc_nano.a(lib_a-nano-vfprintf_i.o)
 *(.eh_frame*)
 *fill*         0x0000ac57        0x1 
 .eh_frame      0x0000ac58        0x0 c:/program files/gnu tools arm embedded/4.9 2015q3/bin/../lib/gcc/arm-none-eabi/4.9.3/armv7e-m/fpu/crtbegin.o
 .eh_frame      0x0000ac58        0x4 c:/program files/gnu tools arm embedded/4.9 2015q3/bin/../lib/gcc/arm-none-eabi/4.9.3/armv7e-m/fpu/crtend.o

.glue_7         0x0000ac5c        0x0
 .glue_7        0x00000000        0x0 linker stubs

.glue_7t        0x0000ac5c        0x0
 .glue_7t       0x00000000        0x0 linker stubs

.vfp11_veneer   0x0000ac5c        0x0
 .vfp11_veneer  0x00000000        0x0 linker stubs

.v4_bx          0x0000ac5c        0x0
 .v4_bx         0x00000000        0x0 linker stubs

.iplt           0x0000ac5c        0x0
 .iplt          0x00000000        0x0 c:/program files/gnu tools arm embedded/4.9 2015q3/bin/../lib/gcc/arm-none-eabi/4.9.3/armv7e-m/fpu/crtbegin.o

.ARM.extab
 *(.ARM.extab* .gnu.linkonce.armextab.*)
                0x0000ac5c                __exidx_start = .

.ARM.exidx      0x0000ac5c        0x8
 *(.ARM.exidx* .gnu.linkonce.armexidx.*)
 .ARM.exidx     0x0000ac5c        0x8 c:/program files/gnu tools arm embedded/4.9 2015q3/bin/../lib/gcc/arm-none-eabi/4.9.3/../../../../arm-none-eabi/lib/armv7e-m/fpu/crt0.o
                0x0000ac64                __exidx_end = .
                0x0000ac64                __etext = .

.rel.dyn        0x0000ac64        0x0
 .rel.iplt      0x00000000        0x0 c:/program files/gnu tools arm embedded/4.9 2015q3/bin/../lib/gcc/arm-none-eabi/4.9.3/armv7e-m/fpu/crtbegin.o

.data           0x20000628       0x80 load address 0x0000ac64
                0x20000628                __data_start__ = .
 *(vtable)
 *(.data*)
 .data.impure_data
                0x20000628       0x60 c:/program files/gnu tools arm embedded/4.9 2015q3/bin/../lib/gcc/arm-none-eabi/4.9.3/../../../../arm-none-eabi/lib/armv7e-m/fpu\libc_nano.a(lib_a-impure.o)
 .data._impure_ptr
                0x20000688        0x4 c:/program files/gnu tools arm embedded/4.9 2015q3/bin/../lib/gcc/arm-none-eabi/4.9.3/../../../../arm-none-eabi/lib/armv7e-m/fpu\libc_nano.a(lib_a-impure.o)
                0x20000688                _impure_ptr
 .data.app_uart_inst
                0x2000068c        0x8 _build/nrf52832_xxaa_app_uart_fifo.c.o
 .data.m_spi_master_state
                0x20000694        0x1 _build/nrf52832_xxaa_ser_phy_spi_master.c.o
 *fill*         0x20000695        0x3 
 .data.SystemCoreClock
                0x20000698        0x4 _build/nrf52832_xxaa_system_nrf52.c.o
                0x20000698                SystemCoreClock
                0x2000069c                . = ALIGN (0x4)
                0x2000069c                PROVIDE (__preinit_array_start, .)
 *(.preinit_array)
                0x2000069c                PROVIDE (__preinit_array_end, .)
                0x2000069c                . = ALIGN (0x4)
                0x2000069c                PROVIDE (__init_array_start, .)
 *(SORT(.init_array.*))
 *(.init_array)
 .init_array    0x2000069c        0x4 c:/program files/gnu tools arm embedded/4.9 2015q3/bin/../lib/gcc/arm-none-eabi/4.9.3/armv7e-m/fpu/crtbegin.o
                0x200006a0                PROVIDE (__init_array_end, .)
                0x200006a0                . = ALIGN (0x4)
                0x200006a0                PROVIDE (__fini_array_start, .)
 *(SORT(.fini_array.*))
 *(.fini_array)
 .fini_array    0x200006a0        0x4 c:/program files/gnu tools arm embedded/4.9 2015q3/bin/../lib/gcc/arm-none-eabi/4.9.3/armv7e-m/fpu/crtbegin.o
                0x200006a4                PROVIDE (__fini_array_end, .)
 *(.jcr*)
 .jcr           0x200006a4        0x0 c:/program files/gnu tools arm embedded/4.9 2015q3/bin/../lib/gcc/arm-none-eabi/4.9.3/armv7e-m/fpu/crtbegin.o
 .jcr           0x200006a4        0x4 c:/program files/gnu tools arm embedded/4.9 2015q3/bin/../lib/gcc/arm-none-eabi/4.9.3/armv7e-m/fpu/crtend.o
                0x200006a8                . = ALIGN (0x4)
                0x200006a8                __data_end__ = .
LOAD c:/program files/gnu tools arm embedded/4.9 2015q3/bin/../lib/gcc/arm-none-eabi/4.9.3/armv7e-m/fpu/crti.o
LOAD c:/program files/gnu tools arm embedded/4.9 2015q3/bin/../lib/gcc/arm-none-eabi/4.9.3/armv7e-m/fpu/crtbegin.o
LOAD c:/program files/gnu tools arm embedded/4.9 2015q3/bin/../lib/gcc/arm-none-eabi/4.9.3/../../../../arm-none-eabi/lib/armv7e-m/fpu/crt0.o
LOAD c:/program files/gnu tools arm embedded/4.9 2015q3/bin/../lib/gcc/arm-none-eabi/4.9.3/../../../../arm-none-eabi/lib/armv7e-m/fpu\libc_nano.a
LOAD c:/program files/gnu tools arm embedded/4.9 2015q3/bin/../lib/gcc/arm-none-eabi/4.9.3/../../../../arm-none-eabi/lib/armv7e-m/fpu\libnosys.a
LOAD _build/nrf52832_xxaa_nrf_log_backend_serial.c.o
LOAD _build/nrf52832_xxaa_nrf_log_frontend.c.o
LOAD _build/nrf52832_xxaa_app_button.c.o
LOAD _build/nrf52832_xxaa_app_error.c.o
LOAD _build/nrf52832_xxaa_app_error_weak.c.o
LOAD _build/nrf52832_xxaa_app_fifo.c.o
LOAD _build/nrf52832_xxaa_app_scheduler.c.o
LOAD _build/nrf52832_xxaa_app_timer.c.o
LOAD _build/nrf52832_xxaa_app_uart_fifo.c.o
LOAD _build/nrf52832_xxaa_app_util_platform.c.o
LOAD _build/nrf52832_xxaa_hardfault_implementation.c.o
LOAD _build/nrf52832_xxaa_nrf_assert.c.o
LOAD _build/nrf52832_xxaa_nrf_queue.c.o
LOAD _build/nrf52832_xxaa_retarget.c.o
LOAD _build/nrf52832_xxaa_sdk_errors.c.o
LOAD _build/nrf52832_xxaa_boards.c.o
LOAD _build/nrf52832_xxaa_app_ble_gap_sec_keys.c.o
LOAD _build/nrf52832_xxaa_app_ble_user_mem.c.o
LOAD _build/nrf52832_xxaa_app_mw_ble.c.o
LOAD _build/nrf52832_xxaa_app_mw_ble_gap.c.o
LOAD _build/nrf52832_xxaa_app_mw_ble_gattc.c.o
LOAD _build/nrf52832_xxaa_app_mw_ble_gatts.c.o
LOAD _build/nrf52832_xxaa_app_mw_ble_l2cap.c.o
LOAD _build/nrf52832_xxaa_app_mw_nrf_soc.c.o
LOAD _build/nrf52832_xxaa_ble_app.c.o
LOAD _build/nrf52832_xxaa_ble_event.c.o
LOAD _build/nrf52832_xxaa_ble_evt_app.c.o
LOAD _build/nrf52832_xxaa_ble_gap_app.c.o
LOAD _build/nrf52832_xxaa_ble_gap_evt_app.c.o
LOAD _build/nrf52832_xxaa_ble_gap_struct_serialization.c.o
LOAD _build/nrf52832_xxaa_ble_gatt_struct_serialization.c.o
LOAD _build/nrf52832_xxaa_ble_gattc_app.c.o
LOAD _build/nrf52832_xxaa_ble_gattc_evt_app.c.o
LOAD _build/nrf52832_xxaa_ble_gattc_struct_serialization.c.o
LOAD _build/nrf52832_xxaa_ble_gatts_app.c.o
LOAD _build/nrf52832_xxaa_ble_gatts_evt_app.c.o
LOAD _build/nrf52832_xxaa_ble_gatts_struct_serialization.c.o
LOAD _build/nrf52832_xxaa_ble_l2cap_app.c.o
LOAD _build/nrf52832_xxaa_ble_l2cap_evt_app.c.o
LOAD _build/nrf52832_xxaa_ble_serialization.c.o
LOAD _build/nrf52832_xxaa_ble_struct_serialization.c.o
LOAD _build/nrf52832_xxaa_cond_field_serialization.c.o
LOAD _build/nrf52832_xxaa_nrf_soc_app.c.o
LOAD _build/nrf52832_xxaa_nrf_soc_struct_serialization.c.o
LOAD _build/nrf52832_xxaa_ser_app_hal_nrf5x.c.o
LOAD _build/nrf52832_xxaa_ser_app_power_system_off.c.o
LOAD _build/nrf52832_xxaa_ser_dbg_sd_str.c.o
LOAD _build/nrf52832_xxaa_ser_hal_transport.c.o
LOAD _build/nrf52832_xxaa_ser_phy_spi_master.c.o
LOAD _build/nrf52832_xxaa_ser_sd_transport.c.o
LOAD _build/nrf52832_xxaa_ser_softdevice_handler.c.o
LOAD _build/nrf52832_xxaa_nrf_drv_clock.c.o
LOAD _build/nrf52832_xxaa_nrf_drv_common.c.o
LOAD _build/nrf52832_xxaa_nrf_drv_gpiote.c.o
LOAD _build/nrf52832_xxaa_nrf_drv_spi.c.o
LOAD _build/nrf52832_xxaa_nrf_drv_uart.c.o
LOAD _build/nrf52832_xxaa_nrf_nvmc.c.o
LOAD _build/nrf52832_xxaa_nrf_soc.c.o
LOAD _build/nrf52832_xxaa_bsp.c.o
LOAD _build/nrf52832_xxaa_bsp_btn_ble.c.o
LOAD _build/nrf52832_xxaa_bsp_nfc.c.o
LOAD _build/nrf52832_xxaa_main.c.o
LOAD _build/nrf52832_xxaa_RTT_Syscalls_GCC.c.o
LOAD _build/nrf52832_xxaa_SEGGER_RTT.c.o
LOAD _build/nrf52832_xxaa_SEGGER_RTT_printf.c.o
LOAD _build/nrf52832_xxaa_ble_advdata.c.o
LOAD _build/nrf52832_xxaa_ble_conn_params.c.o
LOAD _build/nrf52832_xxaa_ble_db_discovery.c.o
LOAD _build/nrf52832_xxaa_ble_srv_common.c.o
LOAD _build/nrf52832_xxaa_gcc_startup_nrf52.S.o
LOAD _build/nrf52832_xxaa_system_nrf52.c.o
LOAD _build/nrf52832_xxaa_ble_nus_c.c.o
LOAD _build/nrf52832_xxaa_softdevice_handler.c.o
LOAD c:/program files/gnu tools arm embedded/4.9 2015q3/bin/../lib/gcc/arm-none-eabi/4.9.3/../../../../arm-none-eabi/lib/armv7e-m/fpu\libm.a
START GROUP
LOAD c:/program files/gnu tools arm embedded/4.9 2015q3/bin/../lib/gcc/arm-none-eabi/4.9.3/armv7e-m/fpu\libgcc.a
LOAD c:/program files/gnu tools arm embedded/4.9 2015q3/bin/../lib/gcc/arm-none-eabi/4.9.3/../../../../arm-none-eabi/lib/armv7e-m/fpu\libc_nano.a
END GROUP
START GROUP
LOAD c:/program files/gnu tools arm embedded/4.9 2015q3/bin/../lib/gcc/arm-none-eabi/4.9.3/armv7e-m/fpu\libgcc.a
LOAD c:/program files/gnu tools arm embedded/4.9 2015q3/bin/../lib/gcc/arm-none-eabi/4.9.3/../../../../arm-none-eabi/lib/armv7e-m/fpu\libc_nano.a
END GROUP
LOAD c:/program files/gnu tools arm embedded/4.9 2015q3/bin/../lib/gcc/arm-none-eabi/4.9.3/armv7e-m/fpu/crtend.o
LOAD c:/program files/gnu tools arm embedded/4.9 2015q3/bin/../lib/gcc/arm-none-eabi/4.9.3/armv7e-m/fpu/crtn.o
START GROUP
LOAD c:/program files/gnu tools arm embedded/4.9 2015q3/bin/../lib/gcc/arm-none-eabi/4.9.3/armv7e-m/fpu\libgcc.a
LOAD c:/program files/gnu tools arm embedded/4.9 2015q3/bin/../lib/gcc/arm-none-eabi/4.9.3/../../../../arm-none-eabi/lib/armv7e-m/fpu\libc.a
LOAD c:/program files/gnu tools arm embedded/4.9 2015q3/bin/../lib/gcc/arm-none-eabi/4.9.3/../../../../arm-none-eabi/lib/armv7e-m/fpu\libnosys.a
END GROUP

.igot.plt       0x200006a8        0x0 load address 0x0000ace4
 .igot.plt      0x00000000        0x0 c:/program files/gnu tools arm embedded/4.9 2015q3/bin/../lib/gcc/arm-none-eabi/4.9.3/armv7e-m/fpu/crtbegin.o

.fs_data        0x200006a8        0x0
                0x200006a8                PROVIDE (__start_fs_data, .)
 *(.fs_data)
                0x200006a8                PROVIDE (__stop_fs_data, .)

.pwr_mgmt_data  0x200006a8        0x0
                0x200006a8                PROVIDE (__start_pwr_mgmt_data, .)
 *(.pwr_mgmt_data)
                0x200006a8                PROVIDE (__stop_pwr_mgmt_data, .)

.bss            0x200006a8     0x1100 load address 0x0000ace4
                0x200006a8                . = ALIGN (0x4)
                0x200006a8                __bss_start__ = .
 *(.bss*)
 .bss           0x200006a8       0x1c c:/program files/gnu tools arm embedded/4.9 2015q3/bin/../lib/gcc/arm-none-eabi/4.9.3/armv7e-m/fpu/crtbegin.o
 .bss.m_detection_delay
                0x200006c4        0x4 _build/nrf52832_xxaa_app_button.c.o
 .bss.mp_buttons
                0x200006c8        0x4 _build/nrf52832_xxaa_app_button.c.o
 .bss.m_button_count
                0x200006cc        0x1 _build/nrf52832_xxaa_app_button.c.o
 *fill*         0x200006cd        0x3 
 .bss.m_detection_delay_timer_id_data
                0x200006d0       0x20 _build/nrf52832_xxaa_app_button.c.o
 .bss.m_pin_state
                0x200006f0        0x4 _build/nrf52832_xxaa_app_button.c.o
 .bss.m_pin_transition
                0x200006f4        0x4 _build/nrf52832_xxaa_app_button.c.o
 .bss.m_ticks_latest
                0x200006f8        0x4 _build/nrf52832_xxaa_app_timer.c.o
 .bss.mp_timer_id_head
                0x200006fc        0x4 _build/nrf52832_xxaa_app_timer.c.o
 .bss.m_evt_schedule_func
                0x20000700        0x4 _build/nrf52832_xxaa_app_timer.c.o
 .bss.m_ticks_elapsed_q_read_ind
                0x20000704        0x1 _build/nrf52832_xxaa_app_timer.c.o
 .bss.m_ticks_elapsed_q_write_ind
                0x20000705        0x1 _build/nrf52832_xxaa_app_timer.c.o
 .bss.m_rtc1_reset
                0x20000706        0x1 _build/nrf52832_xxaa_app_timer.c.o
 *fill*         0x20000707        0x1 
 .bss.m_op_queue
                0x20000708        0x8 _build/nrf52832_xxaa_app_timer.c.o
 .bss.m_ticks_elapsed
                0x20000710        0x8 _build/nrf52832_xxaa_app_timer.c.o
 .bss.m_rtc1_running
                0x20000718        0x1 _build/nrf52832_xxaa_app_timer.c.o
 *fill*         0x20000719        0x3 
 .bss.tx_buffer
                0x2000071c        0x1 _build/nrf52832_xxaa_app_uart_fifo.c.o
 *fill*         0x2000071d        0x3 
 .bss.m_event_handler
                0x20000720        0x4 _build/nrf52832_xxaa_app_uart_fifo.c.o
 .bss.rx_buffer
                0x20000724        0x1 _build/nrf52832_xxaa_app_uart_fifo.c.o
 *fill*         0x20000725        0x3 
 .bss.m_tx_fifo
                0x20000728       0x10 _build/nrf52832_xxaa_app_uart_fifo.c.o
 .bss.m_rx_ovf  0x20000738        0x1 _build/nrf52832_xxaa_app_uart_fifo.c.o
 *fill*         0x20000739        0x3 
 .bss.m_rx_fifo
                0x2000073c       0x10 _build/nrf52832_xxaa_app_uart_fifo.c.o
 .bss.m_in_critical_region
                0x2000074c        0x4 _build/nrf52832_xxaa_app_util_platform.c.o
 .bss.mp_out_params
                0x20000750        0xc _build/nrf52832_xxaa_app_mw_ble.c.o
 .bss.m_output_params
                0x2000075c        0x8 _build/nrf52832_xxaa_app_mw_ble_gap.c.o
 .bss.m_flash_op_handler
                0x20000764        0x4 _build/nrf52832_xxaa_ser_app_hal_nrf5x.c.o
 .bss.m_power_system_off
                0x20000768        0x1 _build/nrf52832_xxaa_ser_app_power_system_off.c.o
 *fill*         0x20000769        0x3 
 .bss.m_events_handler
                0x2000076c        0x4 _build/nrf52832_xxaa_ser_hal_transport.c.o
 .bss.m_rx_state
                0x20000770        0x1 _build/nrf52832_xxaa_ser_hal_transport.c.o
 *fill*         0x20000771        0x3 
 .bss.m_tx_buffer
                0x20000774      0x180 _build/nrf52832_xxaa_ser_hal_transport.c.o
 .bss.m_rx_buffer
                0x200008f4      0x180 _build/nrf52832_xxaa_ser_hal_transport.c.o
 .bss.m_tx_state
                0x20000a74        0x1 _build/nrf52832_xxaa_ser_hal_transport.c.o
 *fill*         0x20000a75        0x1 
 .bss.m_accumulated_rx_packet_length
                0x20000a76        0x2 _build/nrf52832_xxaa_ser_phy_spi_master.c.o
 .bss.m_header_buffer
                0x20000a78        0x2 _build/nrf52832_xxaa_ser_phy_spi_master.c.o
 *fill*         0x20000a7a        0x2 
 .bss.mp_tx_buffer
                0x20000a7c        0x4 _build/nrf52832_xxaa_ser_phy_spi_master.c.o
 .bss.m_frame_buffer
                0x20000a80       0xff _build/nrf52832_xxaa_ser_phy_spi_master.c.o
 *fill*         0x20000b7f        0x1 
 .bss.m_callback_events_handler
                0x20000b80        0x4 _build/nrf52832_xxaa_ser_phy_spi_master.c.o
 .bss.m_pend_rx_api_flag
                0x20000b84        0x1 _build/nrf52832_xxaa_ser_phy_spi_master.c.o
 *fill*         0x20000b85        0x1 
 .bss.m_rx_packet_length
                0x20000b86        0x2 _build/nrf52832_xxaa_ser_phy_spi_master.c.o
 .bss.mp_rx_buffer
                0x20000b88        0x4 _build/nrf52832_xxaa_ser_phy_spi_master.c.o
 .bss.m_tx_buf_len
                0x20000b8c        0x2 _build/nrf52832_xxaa_ser_phy_spi_master.c.o
 .bss.m_tx_packet_length
                0x20000b8e        0x2 _build/nrf52832_xxaa_ser_phy_spi_master.c.o
 .bss.m_rx_buf_len
                0x20000b90        0x2 _build/nrf52832_xxaa_ser_phy_spi_master.c.o
 .bss.m_slave_ready_flag
                0x20000b92        0x1 _build/nrf52832_xxaa_ser_phy_spi_master.c.o
 .bss.m_wait_for_ready_flag.7936
                0x20000b93        0x1 _build/nrf52832_xxaa_ser_phy_spi_master.c.o
 .bss.m_pend_xfer_flag
                0x20000b94        0x1 _build/nrf52832_xxaa_ser_phy_spi_master.c.o
 .bss.m_pend_tx_api_flag
                0x20000b95        0x1 _build/nrf52832_xxaa_ser_phy_spi_master.c.o
 .bss.m_pend_req_flag
                0x20000b96        0x1 _build/nrf52832_xxaa_ser_phy_spi_master.c.o
 *fill*         0x20000b97        0x1 
 .bss.m_current_rx_packet_length
                0x20000b98        0x2 _build/nrf52832_xxaa_ser_phy_spi_master.c.o
 .bss.m_current_tx_packet_length
                0x20000b9a        0x2 _build/nrf52832_xxaa_ser_phy_spi_master.c.o
 .bss.m_slave_request_flag
                0x20000b9c        0x1 _build/nrf52832_xxaa_ser_phy_spi_master.c.o
 .bss.m_pend_rdy_flag
                0x20000b9d        0x1 _build/nrf52832_xxaa_ser_phy_spi_master.c.o
 .bss.m_accumulated_tx_packet_length
                0x20000b9e        0x2 _build/nrf52832_xxaa_ser_phy_spi_master.c.o
 .bss.m_rsp_wait
                0x20000ba0        0x1 _build/nrf52832_xxaa_ser_sd_transport.c.o
 *fill*         0x20000ba1        0x3 
 .bss.m_os_rsp_wait_handler
                0x20000ba4        0x4 _build/nrf52832_xxaa_ser_sd_transport.c.o
 .bss.m_rsp_dec_handler
                0x20000ba8        0x4 _build/nrf52832_xxaa_ser_sd_transport.c.o
 .bss.m_evt_handler
                0x20000bac        0x4 _build/nrf52832_xxaa_ser_sd_transport.c.o
 .bss.m_os_rsp_set_handler
                0x20000bb0        0x4 _build/nrf52832_xxaa_ser_sd_transport.c.o
 .bss.m_rx_notify_handler
                0x20000bb4        0x4 _build/nrf52832_xxaa_ser_sd_transport.c.o
 .bss.m_return_value
                0x20000bb8        0x4 _build/nrf52832_xxaa_ser_sd_transport.c.o
 .bss.m_ot_rsp_wait_handler
                0x20000bbc        0x4 _build/nrf52832_xxaa_ser_sd_transport.c.o
 .bss.m_sd_soc_evt_mailbox_nrf_queue_cb
                0x20000bc0        0xc _build/nrf52832_xxaa_ser_softdevice_handler.c.o
 .bss.m_sd_soc_evt_mailbox_nrf_queue_buffer
                0x20000bcc       0x18 _build/nrf52832_xxaa_ser_softdevice_handler.c.o
 .bss.m_sd_ble_evt_mailbox_nrf_queue_buffer
                0x20000be4      0x1e0 _build/nrf52832_xxaa_ser_softdevice_handler.c.o
 .bss.m_sd_ble_evt_mailbox_nrf_queue_cb
                0x20000dc4        0xc _build/nrf52832_xxaa_ser_softdevice_handler.c.o
 .bss.m_clock_cb
                0x20000dd0       0x14 _build/nrf52832_xxaa_nrf_drv_clock.c.o
 .bss.m_cb      0x20000de4       0x58 _build/nrf52832_xxaa_nrf_drv_gpiote.c.o
 .bss.m_cb      0x20000e3c       0x20 _build/nrf52832_xxaa_nrf_drv_spi.c.o
 .bss.m_cb      0x20000e5c       0x20 _build/nrf52832_xxaa_nrf_drv_uart.c.o
 .bss.m_leds_timer_id_data
                0x20000e7c       0x20 _build/nrf52832_xxaa_bsp.c.o
 .bss.current_long_push_pin_no.7309
                0x20000e9c        0x1 _build/nrf52832_xxaa_bsp.c.o
 *fill*         0x20000e9d        0x3 
 .bss.release_event_at_push.7310
                0x20000ea0        0x4 _build/nrf52832_xxaa_bsp.c.o
 .bss.m_indication_type
                0x20000ea4        0x4 _build/nrf52832_xxaa_bsp.c.o
 .bss.m_leds_clear
                0x20000ea8        0x1 _build/nrf52832_xxaa_bsp.c.o
 *fill*         0x20000ea9        0x3 
 .bss.m_app_ticks_per_100ms
                0x20000eac        0x4 _build/nrf52832_xxaa_bsp.c.o
 .bss.m_registered_callback
                0x20000eb0        0x4 _build/nrf52832_xxaa_bsp.c.o
 .bss.m_button_timer_id_data
                0x20000eb4       0x20 _build/nrf52832_xxaa_bsp.c.o
 .bss.m_stable_state
                0x20000ed4        0x1 _build/nrf52832_xxaa_bsp.c.o
 *fill*         0x20000ed5        0x3 
 .bss.m_alert_timer_id_data
                0x20000ed8       0x20 _build/nrf52832_xxaa_bsp.c.o
 .bss.m_events_list
                0x20000ef8        0xc _build/nrf52832_xxaa_bsp.c.o
 .bss.m_error_handler
                0x20000f04        0x4 _build/nrf52832_xxaa_bsp_btn_ble.c.o
 .bss.m_num_connections
                0x20000f08        0x4 _build/nrf52832_xxaa_bsp_btn_ble.c.o
 .bss.data_array.9124
                0x20000f0c       0x14 _build/nrf52832_xxaa_main.c.o
 .bss.BLE_EVT_BUFFER.9212
                0x20000f20       0x50 _build/nrf52832_xxaa_main.c.o
 .bss.m_ble_db_discovery
                0x20000f70      0x260 _build/nrf52832_xxaa_main.c.o
 .bss.APP_TIMER_BUF.9263
                0x200011d0       0x48 _build/nrf52832_xxaa_main.c.o
 .bss.rx_buf.9234
                0x20001218      0x100 _build/nrf52832_xxaa_main.c.o
 .bss.tx_buf.9235
                0x20001318      0x100 _build/nrf52832_xxaa_main.c.o
 .bss.index.9125
                0x20001418        0x1 _build/nrf52832_xxaa_main.c.o
 *fill*         0x20001419        0x3 
 .bss.m_ble_nus_c
                0x2000141c       0x10 _build/nrf52832_xxaa_main.c.o
 .bss.m_evt_handler
                0x2000142c        0x4 _build/nrf52832_xxaa_ble_db_discovery.c.o
 .bss.m_pending_user_evts
                0x20001430      0x288 _build/nrf52832_xxaa_ble_db_discovery.c.o
 .bss.m_pending_usr_evt_index
                0x200016b8        0x4 _build/nrf52832_xxaa_ble_db_discovery.c.o
 .bss.m_registered_handlers
                0x200016bc       0x18 _build/nrf52832_xxaa_ble_db_discovery.c.o
 .bss.m_initialized
                0x200016d4        0x1 _build/nrf52832_xxaa_ble_db_discovery.c.o
 *fill*         0x200016d5        0x3 
 .bss.m_num_of_handlers_reg
                0x200016d8        0x4 _build/nrf52832_xxaa_ble_db_discovery.c.o
 .bss.m_suspended
                0x200016dc        0x1 _build/nrf52832_xxaa_softdevice_handler.c.o
 .bss.m_softdevice_enabled
                0x200016dd        0x1 _build/nrf52832_xxaa_softdevice_handler.c.o
 .bss.m_ble_evt_buffer_size
                0x200016de        0x2 _build/nrf52832_xxaa_softdevice_handler.c.o
 .bss.mp_ble_evt_buffer
                0x200016e0        0x4 _build/nrf52832_xxaa_softdevice_handler.c.o
 .bss.m_sys_evt_handler
                0x200016e4        0x4 _build/nrf52832_xxaa_softdevice_handler.c.o
 .bss.m_ble_evt_handler
                0x200016e8        0x4 _build/nrf52832_xxaa_softdevice_handler.c.o
 .bss.m_evt_schedule_func
                0x200016ec        0x4 _build/nrf52832_xxaa_softdevice_handler.c.o
 .bss.__malloc_sbrk_start
                0x200016f0        0x4 c:/program files/gnu tools arm embedded/4.9 2015q3/bin/../lib/gcc/arm-none-eabi/4.9.3/../../../../arm-none-eabi/lib/armv7e-m/fpu\libc_nano.a(lib_a-nano-mallocr.o)
                0x200016f0                __malloc_sbrk_start
 .bss.__malloc_free_list
                0x200016f4        0x4 c:/program files/gnu tools arm embedded/4.9 2015q3/bin/../lib/gcc/arm-none-eabi/4.9.3/../../../../arm-none-eabi/lib/armv7e-m/fpu\libc_nano.a(lib_a-nano-mallocr.o)
                0x200016f4                __malloc_free_list
 .bss.heap_end.4079
                0x200016f8        0x4 c:/program files/gnu tools arm embedded/4.9 2015q3/bin/../lib/gcc/arm-none-eabi/4.9.3/../../../../arm-none-eabi/lib/armv7e-m/fpu\libnosys.a(sbrk.o)
 *(COMMON)
 COMMON         0x200016fc       0x48 _build/nrf52832_xxaa_app_ble_gap_sec_keys.c.o
                0x200016fc                m_app_keys_table
 COMMON         0x20001744       0x60 _build/nrf52832_xxaa_app_ble_user_mem.c.o
                0x20001744                m_app_user_mem_table
 COMMON         0x200017a4        0x4 c:/program files/gnu tools arm embedded/4.9 2015q3/bin/../lib/gcc/arm-none-eabi/4.9.3/../../../../arm-none-eabi/lib/armv7e-m/fpu\libc_nano.a(lib_a-reent.o)
                0x200017a4                errno
                0x200017a8                . = ALIGN (0x4)
                0x200017a8                __bss_end__ = .

.heap           0x200017a8        0x0
                0x200017a8                __HeapBase = .
                0x200017a8                __end__ = .
                0x200017a8                PROVIDE (end, .)
 *(.heap*)
 .heap          0x200017a8        0x0 _build/nrf52832_xxaa_gcc_startup_nrf52.S.o
                0x200017a8                __HeapLimit = .

.stack_dummy    0x200017a8     0x2000
 *(.stack*)
 .stack         0x200017a8     0x2000 _build/nrf52832_xxaa_gcc_startup_nrf52.S.o
                0x20010000                __StackTop = (ORIGIN (RAM) + 0xf9d8)